 CanAnalyse

 Timestamp is 503d76f7 (Wed Aug 29 09:57:11 2012)

 Preferred load address is 00400000

 Start         Length     Name                   Class
 0001:00000000 00011e9fH .textbss                DATA
 0002:00000000 000258cbH .text                   CODE
 0002:000258d0 00002fe7H .text$x                 CODE
 0002:000288c0 0000175eH .text$yc                CODE
 0002:0002a020 00001118H .text$yd                CODE
 0003:00000000 00000104H .CRT$XCA                DATA
 0003:00000104 00000104H .CRT$XCAA               DATA
 0003:00000208 0000010eH .CRT$XCC                DATA
 0003:00000318 0000018aH .CRT$XCL                DATA
 0003:000004a4 00000125H .CRT$XCU                DATA
 0003:000005cc 00000104H .CRT$XCZ                DATA
 0003:000006d0 00000104H .CRT$XIA                DATA
 0003:000007d4 00000104H .CRT$XIAA               DATA
 0003:000008d8 00000104H .CRT$XIY                DATA
 0003:000009dc 00000104H .CRT$XIZ                DATA
 0003:00000ae0 00005ce3H .rdata                  DATA
 0003:000067c4 00000178H .rdata$debug            DATA
 0003:0000693c 0000106aH .rdata$r                DATA
 0003:000079a8 00000104H .rtc$IAA                DATA
 0003:00007aac 00000148H .rtc$IMZ                DATA
 0003:00007bf4 00000104H .rtc$IZZ                DATA
 0003:00007cf8 00000104H .rtc$TAA                DATA
 0003:00007dfc 00000148H .rtc$TMZ                DATA
 0003:00007f44 00000104H .rtc$TZZ                DATA
 0003:00008048 00001712H .xdata$x                DATA
 0003:0000975c 00000104H ATL$__a                 DATA
 0003:00009860 00000104H ATL$__z                 DATA
 0003:00009964 00000000H .edata                  DATA
 0004:00000000 00000accH .data                   DATA
 0004:00000ad0 00000778H .bss                    DATA
 0005:00000000 000000b4H .idata$2                DATA
 0005:000000b4 00000014H .idata$3                DATA
 0005:000000c8 000012a8H .idata$4                DATA
 0005:00001370 000012a8H .idata$5                DATA
 0005:00002618 00000ab8H .idata$6                DATA
 0006:00000000 00001720H .rsrc$01                DATA
 0006:00001720 0002705cH .rsrc$02                DATA

  Address         Publics by Value              Rva+Base       Lib:Object

 0000:00000000       ___safe_se_handler_table   00000000     <absolute>
 0000:00000000       __except_list              00000000     <absolute>
 0000:00000000       ___safe_se_handler_count   00000000     <absolute>
 0000:00009876       __fltused                  00009876     <absolute>
 0000:00009876       __ldused                   00009876     <absolute>
 0000:00000000       ___ImageBase               00400000     <linker-defined>
 0001:00000000       __enc$textbss$begin        00401000     <linker-defined>
 0001:00011e9f       __enc$textbss$end          00412e9f     <linker-defined>
 0002:00003f90       ?GetMessageMap@CCanAnalyseApp@@MBEPBUAFX_MSGMAP@@XZ 00416f90 f   CanAnalyse.obj
 0002:00003fcc       ?OnOpenDocument@CDocument@@UAEHPBD@Z 00416fcc f   mfc90d:mfc90d.dll
 0002:00003fe0       ?GetThisMessageMap@CCanAnalyseApp@@KGPBUAFX_MSGMAP@@XZ 00416fe0 f   CanAnalyse.obj
 0002:00004020       ??0CCanAnalyseApp@@QAE@XZ  00417020 f   CanAnalyse.obj
 0002:00004140       ??_ECCanAnalyseApp@@UAEPAXI@Z 00417140 f i CanAnalyse.obj
 0002:00004140       ??_GCCanAnalyseApp@@UAEPAXI@Z 00417140 f i CanAnalyse.obj
 0002:000041b0       ??1CCanAnalyseApp@@UAE@XZ  004171b0 f i CanAnalyse.obj
 0002:000042b0       ?InitInstance@CCanAnalyseApp@@UAEHXZ 004172b0 f   CanAnalyse.obj
 0002:00004540       ?OnOpenDocument@CCanAnalyseDoc@@UAEHPBD@Z 00417540 f   CanAnalyseDoc.obj
 0002:000045e0       ??0CAboutDlg@@QAE@XZ       004175e0 f   CanAnalyse.obj
 0002:00004650       ??_ECAboutDlg@@UAEPAXI@Z   00417650 f i CanAnalyse.obj
 0002:00004650       ??_GCAboutDlg@@UAEPAXI@Z   00417650 f i CanAnalyse.obj
 0002:000046c0       ??1CAboutDlg@@UAE@XZ       004176c0 f i CanAnalyse.obj
 0002:00004710       ?DoDataExchange@CAboutDlg@@MAEXPAVCDataExchange@@@Z 00417710 f   CanAnalyse.obj
 0002:00004770       ?GetMessageMap@CAboutDlg@@MBEPBUAFX_MSGMAP@@XZ 00417770 f   CanAnalyse.obj
 0002:000047c0       ?GetThisMessageMap@CAboutDlg@@KGPBUAFX_MSGMAP@@XZ 004177c0 f   CanAnalyse.obj
 0002:00004800       ?OnAppAbout@CCanAnalyseApp@@QAEXXZ 00417800 f   CanAnalyse.obj
 0002:00004900       ?PreLoadState@CCanAnalyseApp@@UAEXXZ 00417900 f   CanAnalyse.obj
 0002:00004ae0       ?LoadCustomState@CCanAnalyseApp@@UAEXXZ 00417ae0 f   CanAnalyse.obj
 0002:00004b20       ?SaveCustomState@CCanAnalyseApp@@UAEXXZ 00417b20 f   CanAnalyse.obj
 0002:00004b60       ?OnFileOpenMy@CCanAnalyseApp@@QAEXXZ 00417b60 f   CanAnalyse.obj
 0002:00004da0       ?MyProc@@YGKPAX@Z          00417da0 f   CanAnalyse.obj
 0002:00005aa0       ??0CFrameNode@@QAE@XZ      00418aa0 f i CanAnalyse.obj
 0002:00005b20       ??1CFrameNode@@QAE@XZ      00418b20 f i CanAnalyse.obj
 0002:00005ba0       ??0CFrameNode@@QAE@ABU0@@Z 00418ba0 f i CanAnalyse.obj
 0002:00005c90       ??4CFrameNode@@QAEAAU0@ABU0@@Z 00418c90 f i CanAnalyse.obj
 0002:00005d40       ??_GCFrameNode@@QAEPAXI@Z  00418d40 f i CanAnalyse.obj
 0002:00005db0       ?OnStartAnalyse@CCanAnalyseApp@@QAEXXZ 00418db0 f   CanAnalyse.obj
 0002:000060b0       ?GetUnixTime@CCanAnalyseApp@@QAEKV?$CStringT@DV?$StrTraitMFC_DLL@DV?$ChTraitsCRT@D@ATL@@@@@ATL@@@Z 004190b0 f   CanAnalyse.obj
 0002:000063a0       ?IsDropPack@CCanAnalyseApp@@QAEHUCFrameNode@@0@Z 004193a0 f i CanAnalyse.obj
 0002:00006430       ?GetDataPack@CCanAnalyseApp@@QAEXV?$CStringT@DV?$StrTraitMFC_DLL@DV?$ChTraitsCRT@D@ATL@@@@@ATL@@AAUCFrameNode@@@Z 00419430 f i CanAnalyse.obj
 0002:00006530       ??HATL@@YA?AV?$CStringT@DV?$StrTraitMFC_DLL@DV?$ChTraitsCRT@D@ATL@@@@@0@ABV10@0@Z 00419530 f i CanAnalyse.obj
 0002:000066f0       ??0?$CList@V?$CStringT@DV?$StrTraitMFC_DLL@DV?$ChTraitsCRT@D@ATL@@@@@ATL@@AAV12@@@QAE@H@Z 004196f0 f i CanAnalyse.obj
 0002:00006800       ?GetCount@?$CList@V?$CStringT@DV?$StrTraitMFC_DLL@DV?$ChTraitsCRT@D@ATL@@@@@ATL@@AAV12@@@QBEHXZ 00419800 f i CanAnalyse.obj
 0002:00006840       ?IsEmpty@?$CList@V?$CStringT@DV?$StrTraitMFC_DLL@DV?$ChTraitsCRT@D@ATL@@@@@ATL@@AAV12@@@QBEHXZ 00419840 f i CanAnalyse.obj
 0002:00006890       ?GetHead@?$CList@V?$CStringT@DV?$StrTraitMFC_DLL@DV?$ChTraitsCRT@D@ATL@@@@@ATL@@AAV12@@@QAEAAV?$CStringT@DV?$StrTraitMFC_DLL@DV?$ChTraitsCRT@D@ATL@@@@@ATL@@XZ 00419890 f i CanAnalyse.obj
 0002:00006930       ?AddTail@?$CList@V?$CStringT@DV?$StrTraitMFC_DLL@DV?$ChTraitsCRT@D@ATL@@@@@ATL@@AAV12@@@QAEPAU__POSITION@@AAV?$CStringT@DV?$StrTraitMFC_DLL@DV?$ChTraitsCRT@D@ATL@@@@@ATL@@@Z 00419930 f i CanAnalyse.obj
 0002:00006a00       ??1?$CList@V?$CStringT@DV?$StrTraitMFC_DLL@DV?$ChTraitsCRT@D@ATL@@@@@ATL@@AAV12@@@UAE@XZ 00419a00 f i CanAnalyse.obj
 0002:00006ad0       ?Serialize@?$CList@V?$CStringT@DV?$StrTraitMFC_DLL@DV?$ChTraitsCRT@D@ATL@@@@@ATL@@AAV12@@@UAEXAAVCArchive@@@Z 00419ad0 f i CanAnalyse.obj
 0002:00006ce0       ?Dump@?$CList@V?$CStringT@DV?$StrTraitMFC_DLL@DV?$ChTraitsCRT@D@ATL@@@@@ATL@@AAV12@@@UBEXAAVCDumpContext@@@Z 00419ce0 f i CanAnalyse.obj
 0002:00006ec0       ?AssertValid@?$CList@V?$CStringT@DV?$StrTraitMFC_DLL@DV?$ChTraitsCRT@D@ATL@@@@@ATL@@AAV12@@@UBEXXZ 00419ec0 f i CanAnalyse.obj
 0002:00006fd0       ??0?$CMap@V?$CStringT@DV?$StrTraitMFC_DLL@DV?$ChTraitsCRT@D@ATL@@@@@ATL@@PBDUCFrameNode@@AAU3@@@QAE@H@Z 00419fd0 f i CanAnalyse.obj
 0002:000070e0       ?Lookup@?$CMap@V?$CStringT@DV?$StrTraitMFC_DLL@DV?$ChTraitsCRT@D@ATL@@@@@ATL@@PBDUCFrameNode@@AAU3@@@QBEHPBDAAUCFrameNode@@@Z 0041a0e0 f i CanAnalyse.obj
 0002:000071e0       ?SetAt@?$CMap@V?$CStringT@DV?$StrTraitMFC_DLL@DV?$ChTraitsCRT@D@ATL@@@@@ATL@@PBDUCFrameNode@@AAU3@@@QAEXPBDAAUCFrameNode@@@Z 0041a1e0 f i CanAnalyse.obj
 0002:00007250       ??1?$CMap@V?$CStringT@DV?$StrTraitMFC_DLL@DV?$ChTraitsCRT@D@ATL@@@@@ATL@@PBDUCFrameNode@@AAU3@@@UAE@XZ 0041a250 f i CanAnalyse.obj
 0002:00007320       ?Serialize@?$CMap@V?$CStringT@DV?$StrTraitMFC_DLL@DV?$ChTraitsCRT@D@ATL@@@@@ATL@@PBDUCFrameNode@@AAU3@@@UAEXAAVCArchive@@@Z 0041a320 f i CanAnalyse.obj
 0002:00007620       ?Dump@?$CMap@V?$CStringT@DV?$StrTraitMFC_DLL@DV?$ChTraitsCRT@D@ATL@@@@@ATL@@PBDUCFrameNode@@AAU3@@@UBEXAAVCDumpContext@@@Z 0041a620 f i CanAnalyse.obj
 0002:00007860       ?AssertValid@?$CMap@V?$CStringT@DV?$StrTraitMFC_DLL@DV?$ChTraitsCRT@D@ATL@@@@@ATL@@PBDUCFrameNode@@AAU3@@@UBEXXZ 0041a860 f i CanAnalyse.obj
 0002:00007910       ??_E?$CList@V?$CStringT@DV?$StrTraitMFC_DLL@DV?$ChTraitsCRT@D@ATL@@@@@ATL@@AAV12@@@UAEPAXI@Z 0041a910 f i CanAnalyse.obj
 0002:00007910       ??_G?$CList@V?$CStringT@DV?$StrTraitMFC_DLL@DV?$ChTraitsCRT@D@ATL@@@@@ATL@@AAV12@@@UAEPAXI@Z 0041a910 f i CanAnalyse.obj
 0002:00007980       ??_E?$CMap@V?$CStringT@DV?$StrTraitMFC_DLL@DV?$ChTraitsCRT@D@ATL@@@@@ATL@@PBDUCFrameNode@@AAU3@@@UAEPAXI@Z 0041a980 f i CanAnalyse.obj
 0002:00007980       ??_G?$CMap@V?$CStringT@DV?$StrTraitMFC_DLL@DV?$ChTraitsCRT@D@ATL@@@@@ATL@@PBDUCFrameNode@@AAU3@@@UAEPAXI@Z 0041a980 f i CanAnalyse.obj
 0002:000079f0       ?RemoveAll@?$CList@V?$CStringT@DV?$StrTraitMFC_DLL@DV?$ChTraitsCRT@D@ATL@@@@@ATL@@AAV12@@@QAEXXZ 0041a9f0 f i CanAnalyse.obj
 0002:00007ad0       ?GetHeadPosition@?$CList@V?$CStringT@DV?$StrTraitMFC_DLL@DV?$ChTraitsCRT@D@ATL@@@@@ATL@@AAV12@@@QBEPAU__POSITION@@XZ 0041aad0 f i CanAnalyse.obj
 0002:00007b10       ?GetNext@?$CList@V?$CStringT@DV?$StrTraitMFC_DLL@DV?$ChTraitsCRT@D@ATL@@@@@ATL@@AAV12@@@QAEAAV?$CStringT@DV?$StrTraitMFC_DLL@DV?$ChTraitsCRT@D@ATL@@@@@ATL@@AAPAU__POSITION@@@Z 0041ab10 f i CanAnalyse.obj
 0002:00007bb0       ?NewNode@?$CList@V?$CStringT@DV?$StrTraitMFC_DLL@DV?$ChTraitsCRT@D@ATL@@@@@ATL@@AAV12@@@IAEPAUCNode@1@PAU21@0@Z 0041abb0 f i CanAnalyse.obj
 0002:00007da0       ??2@YAPAXIPAX@Z            0041ada0 f i CanAnalyse.obj
 0002:00007de0       ??A?$CMap@V?$CStringT@DV?$StrTraitMFC_DLL@DV?$ChTraitsCRT@D@ATL@@@@@ATL@@PBDUCFrameNode@@AAU3@@@QAEAAUCFrameNode@@PBD@Z 0041ade0 f i CanAnalyse.obj
 0002:00007f80       ?RemoveAll@?$CMap@V?$CStringT@DV?$StrTraitMFC_DLL@DV?$ChTraitsCRT@D@ATL@@@@@ATL@@PBDUCFrameNode@@AAU3@@@QAEXXZ 0041af80 f i CanAnalyse.obj
 0002:000080b0       ?GetStartPosition@?$CMap@V?$CStringT@DV?$StrTraitMFC_DLL@DV?$ChTraitsCRT@D@ATL@@@@@ATL@@PBDUCFrameNode@@AAU3@@@QBEPAU__POSITION@@XZ 0041b0b0 f i CanAnalyse.obj
 0002:00008100       ?GetNextAssoc@?$CMap@V?$CStringT@DV?$StrTraitMFC_DLL@DV?$ChTraitsCRT@D@ATL@@@@@ATL@@PBDUCFrameNode@@AAU3@@@QBEXAAPAU__POSITION@@AAV?$CStringT@DV?$StrTraitMFC_DLL@DV?$ChTraitsCRT@D@ATL@@@@@ATL@@AAUCFrameNode@@@Z 0041b100 f i CanAnalyse.obj
 0002:00008350       ?GetAssocAt@?$CMap@V?$CStringT@DV?$StrTraitMFC_DLL@DV?$ChTraitsCRT@D@ATL@@@@@ATL@@PBDUCFrameNode@@AAU3@@@IBEPAVCAssoc@1@PBDAAI1@Z 0041b350 f i CanAnalyse.obj
 0002:00008430       ??$SerializeElements@UCFrameNode@@@@YGXAAVCArchive@@PAUCFrameNode@@H@Z 0041b430 f i CanAnalyse.obj
 0002:00008620       ??$DumpElements@UCFrameNode@@@@YGXAAVCDumpContext@@PBUCFrameNode@@H@Z 0041b620 f i CanAnalyse.obj
 0002:00008710       ??_G?$CStringT@DV?$StrTraitMFC_DLL@DV?$ChTraitsCRT@D@ATL@@@@@ATL@@QAEPAXI@Z 0041b710 f i CanAnalyse.obj
 0002:00008790       ??1CAssoc@?$CMap@V?$CStringT@DV?$StrTraitMFC_DLL@DV?$ChTraitsCRT@D@ATL@@@@@ATL@@PBDUCFrameNode@@AAU3@@@QAE@XZ 0041b790 f i CanAnalyse.obj
 0002:000087e0       ??1CPair@?$CMap@V?$CStringT@DV?$StrTraitMFC_DLL@DV?$ChTraitsCRT@D@ATL@@@@@ATL@@PBDUCFrameNode@@AAU3@@@QAE@XZ 0041b7e0 f i CanAnalyse.obj
 0002:00008850       ?InitHashTable@?$CMap@V?$CStringT@DV?$StrTraitMFC_DLL@DV?$ChTraitsCRT@D@ATL@@@@@ATL@@PBDUCFrameNode@@AAU3@@@QAEXIH@Z 0041b850 f i CanAnalyse.obj
 0002:000089e0       ?NewAssoc@?$CMap@V?$CStringT@DV?$StrTraitMFC_DLL@DV?$ChTraitsCRT@D@ATL@@@@@ATL@@PBDUCFrameNode@@AAU3@@@IAEPAVCAssoc@1@PBD@Z 0041b9e0 f i CanAnalyse.obj
 0002:00008c30       ??3@YAXPAX0@Z              0041bc30 f i CanAnalyse.obj
 0002:00008c60       ??0CAssoc@?$CMap@V?$CStringT@DV?$StrTraitMFC_DLL@DV?$ChTraitsCRT@D@ATL@@@@@ATL@@PBDUCFrameNode@@AAU3@@@QAE@PBD@Z 0041bc60 f i CanAnalyse.obj
 0002:00008cc0       ??0CPair@?$CMap@V?$CStringT@DV?$StrTraitMFC_DLL@DV?$ChTraitsCRT@D@ATL@@@@@ATL@@PBDUCFrameNode@@AAU3@@@IAE@PBD@Z 0041bcc0 f i CanAnalyse.obj
 0002:00008d40       ??0CTraceFileAndLineInfo@ATL@@QAE@PBDH@Z 0041bd40 f i CanAnalyse.obj
 0002:00008d90       ??RCTraceFileAndLineInfo@ATL@@QBAXPBDZZ 0041bd90 f i CanAnalyse.obj
 0002:00008e20       ?TraceV@CTrace@ATL@@QBAXPBDHKI0PAD@Z 0041be20 f i CanAnalyse.obj
 0002:00008e90       ??BCTraceCategory@ATL@@QBEKXZ 0041be90 f i CanAnalyse.obj
 0002:00008ed0       ?data@CPlex@@QAEPAXXZ      0041bed0 f i CanAnalyse.obj
 0002:00008f10       ?OnWorkspaceIdle@CWinAppEx@@UAEHPAVCWnd@@@Z 0041bf10 f i CanAnalyse.obj
 0002:00008f50       ?PreSaveState@CWinAppEx@@MAEXXZ 0041bf50 f i CanAnalyse.obj
 0002:00008f90       ??0CMFCToolTipInfo@@QAE@XZ 0041bf90 f i CanAnalyse.obj
 0002:00009070       ??HATL@@YA?AV?$CStringT@DV?$StrTraitMFC_DLL@DV?$ChTraitsCRT@D@ATL@@@@@0@ABV10@PBD@Z 0041c070 f i CanAnalyse.obj
 0002:00009220       ??HATL@@YA?AV?$CStringT@DV?$StrTraitMFC_DLL@DV?$ChTraitsCRT@D@ATL@@@@@0@PBDABV10@@Z 0041c220 f i CanAnalyse.obj
 0002:000093d0       ??8ATL@@YA_NABV?$CStringT@DV?$StrTraitMFC_DLL@DV?$ChTraitsCRT@D@ATL@@@@@0@0@Z 0041c3d0 f i CanAnalyse.obj
 0002:00009450       ??$DumpElements@V?$CStringT@DV?$StrTraitMFC_DLL@DV?$ChTraitsCRT@D@ATL@@@@@ATL@@@@YGXAAVCDumpContext@@PBV?$CStringT@DV?$StrTraitMFC_DLL@DV?$ChTraitsCRT@D@ATL@@@@@ATL@@H@Z 0041c450 f i CanAnalyse.obj
 0002:00009540       ??$CompareElements@V?$CStringT@DV?$StrTraitMFC_DLL@DV?$ChTraitsCRT@D@ATL@@@@@ATL@@PBD@@YGHPBV?$CStringT@DV?$StrTraitMFC_DLL@DV?$ChTraitsCRT@D@ATL@@@@@ATL@@PBQBD@Z 0041c540 f i CanAnalyse.obj
 0002:00009660       ??8ATL@@YA_NABV?$CStringT@DV?$StrTraitMFC_DLL@DV?$ChTraitsCRT@D@ATL@@@@@0@PBD@Z 0041c660 f i CanAnalyse.obj
 0002:000096d0       ?CreateObject@CCanAnalyseDoc@@SGPAVCObject@@XZ 0041c6d0 f   CanAnalyseDoc.obj
 0002:000097c0       ?_GetBaseClass@CCanAnalyseDoc@@KGPAUCRuntimeClass@@XZ 0041c7c0 f   CanAnalyseDoc.obj
 0002:00009810       ?GetThisClass@CCanAnalyseDoc@@SGPAUCRuntimeClass@@XZ 0041c810 f   CanAnalyseDoc.obj
 0002:00009850       ?GetRuntimeClass@CCanAnalyseDoc@@UBEPAUCRuntimeClass@@XZ 0041c850 f   CanAnalyseDoc.obj
 0002:00009890       ?GetMessageMap@CCanAnalyseDoc@@MBEPBUAFX_MSGMAP@@XZ 0041c890 f   CanAnalyseDoc.obj
 0002:000098e0       ?GetThisMessageMap@CCanAnalyseDoc@@KGPBUAFX_MSGMAP@@XZ 0041c8e0 f   CanAnalyseDoc.obj
 0002:00009920       ??0CCanAnalyseDoc@@IAE@XZ  0041c920 f   CanAnalyseDoc.obj
 0002:00009980       ??_GCCanAnalyseDoc@@UAEPAXI@Z 0041c980 f i CanAnalyseDoc.obj
 0002:00009980       ??_ECCanAnalyseDoc@@UAEPAXI@Z 0041c980 f i CanAnalyseDoc.obj
 0002:000099f0       ??1CCanAnalyseDoc@@UAE@XZ  0041c9f0 f   CanAnalyseDoc.obj
 0002:00009a50       ?OnNewDocument@CCanAnalyseDoc@@UAEHXZ 0041ca50 f   CanAnalyseDoc.obj
 0002:00009af0       ?Serialize@CCanAnalyseDoc@@UAEXAAVCArchive@@@Z 0041caf0 f   CanAnalyseDoc.obj
 0002:00009b50       ?AssertValid@CCanAnalyseDoc@@UBEXXZ 0041cb50 f   CanAnalyseDoc.obj
 0002:00009ba0       ?Dump@CCanAnalyseDoc@@UBEXAAVCDumpContext@@@Z 0041cba0 f   CanAnalyseDoc.obj
 0002:00009c00       ?CreateObject@CCanAnalyseView@@SGPAVCObject@@XZ 0041cc00 f   CanAnalyseView.obj
 0002:00009cf0       ?_GetBaseClass@CCanAnalyseView@@KGPAUCRuntimeClass@@XZ 0041ccf0 f   CanAnalyseView.obj
 0002:00009d40       ?GetThisClass@CCanAnalyseView@@SGPAUCRuntimeClass@@XZ 0041cd40 f   CanAnalyseView.obj
 0002:00009d80       ?GetRuntimeClass@CCanAnalyseView@@UBEPAUCRuntimeClass@@XZ 0041cd80 f   CanAnalyseView.obj
 0002:00009dc0       ?GetMessageMap@CCanAnalyseView@@MBEPBUAFX_MSGMAP@@XZ 0041cdc0 f   CanAnalyseView.obj
 0002:00009e10       ?GetThisMessageMap@CCanAnalyseView@@KGPBUAFX_MSGMAP@@XZ 0041ce10 f   CanAnalyseView.obj
 0002:00009e50       ??0CCanAnalyseView@@IAE@XZ 0041ce50 f   CanAnalyseView.obj
 0002:00009eb0       ??_ECCanAnalyseView@@UAEPAXI@Z 0041ceb0 f i CanAnalyseView.obj
 0002:00009eb0       ??_GCCanAnalyseView@@UAEPAXI@Z 0041ceb0 f i CanAnalyseView.obj
 0002:00009f20       ??1CCanAnalyseView@@UAE@XZ 0041cf20 f   CanAnalyseView.obj
 0002:00009f80       ?PreCreateWindow@CCanAnalyseView@@UAEHAAUtagCREATESTRUCTA@@@Z 0041cf80 f   CanAnalyseView.obj
 0002:0000a000       ?OnFilePrintPreview@CCanAnalyseView@@IAEXXZ 0041d000 f   CanAnalyseView.obj
 0002:0000a060       ?OnPreparePrinting@CCanAnalyseView@@MAEHPAUCPrintInfo@@@Z 0041d060 f   CanAnalyseView.obj
 0002:0000a0c0       ?OnBeginPrinting@CCanAnalyseView@@MAEXPAVCDC@@PAUCPrintInfo@@@Z 0041d0c0 f   CanAnalyseView.obj
 0002:0000a120       ?OnEndPrinting@CCanAnalyseView@@MAEXPAVCDC@@PAUCPrintInfo@@@Z 0041d120 f   CanAnalyseView.obj
 0002:0000a180       ?OnRButtonUp@CCanAnalyseView@@IAEXIVCPoint@@@Z 0041d180 f   CanAnalyseView.obj
 0002:0000a1f0       ?OnContextMenu@CCanAnalyseView@@IAEXPAVCWnd@@VCPoint@@@Z 0041d1f0 f   CanAnalyseView.obj
 0002:0000a290       ?AssertValid@CCanAnalyseView@@UBEXXZ 0041d290 f   CanAnalyseView.obj
 0002:0000a2e0       ?Dump@CCanAnalyseView@@UBEXAAVCDumpContext@@@Z 0041d2e0 f   CanAnalyseView.obj
 0002:0000a340       ?GetDocument@CCanAnalyseView@@QBEPAVCCanAnalyseDoc@@XZ 0041d340 f   CanAnalyseView.obj
 0002:0000a3d0       ?CreateObject@CClassViewMenuButton@@SGPAVCObject@@XZ 0041d3d0 f   ClassView.obj
 0002:0000a4c0       ??0CClassViewMenuButton@@QAE@PAUHMENU__@@@Z 0041d4c0 f i ClassView.obj
 0002:0000a530       ?OnDraw@CClassViewMenuButton@@UAEXPAVCDC@@ABVCRect@@PAVCMFCToolBarImages@@HHHHH@Z 0041d530 f i ClassView.obj
 0002:0000a630       ??_GCClassViewMenuButton@@UAEPAXI@Z 0041d630 f i ClassView.obj
 0002:0000a630       ??_ECClassViewMenuButton@@UAEPAXI@Z 0041d630 f i ClassView.obj
 0002:0000a6a0       ??1CClassViewMenuButton@@UAE@XZ 0041d6a0 f i ClassView.obj
 0002:0000a6f0       ?_GetBaseClass@CClassViewMenuButton@@KGPAUCRuntimeClass@@XZ 0041d6f0 f   ClassView.obj
 0002:0000a740       ?GetThisClass@CClassViewMenuButton@@SGPAUCRuntimeClass@@XZ 0041d740 f   ClassView.obj
 0002:0000a780       ?GetRuntimeClass@CClassViewMenuButton@@UBEPAUCRuntimeClass@@XZ 0041d780 f   ClassView.obj
 0002:0000a7c0       ??5@YGAAVCArchive@@AAV0@AAPAVCClassViewMenuButton@@@Z 0041d7c0 f   ClassView.obj
 0002:0000a820       ??0CClassView@@QAE@XZ      0041d820 f   ClassView.obj
 0002:0000a920       ??_ECClassView@@UAEPAXI@Z  0041d920 f i ClassView.obj
 0002:0000a920       ??_GCClassView@@UAEPAXI@Z  0041d920 f i ClassView.obj
 0002:0000a990       ??0CClassToolBar@@QAE@XZ   0041d990 f i ClassView.obj
 0002:0000a9f0       ?OnUpdateCmdUI@CClassToolBar@@EAEXPAVCFrameWnd@@H@Z 0041d9f0 f i ClassView.obj
 0002:0000aa60       ?AllowShowOnList@CClassToolBar@@EBEHXZ 0041da60 f i ClassView.obj
 0002:0000aaa0       ??1CClassToolBar@@UAE@XZ   0041daa0 f i ClassView.obj
 0002:0000aaf0       ??_ECClassToolBar@@UAEPAXI@Z 0041daf0 f i ClassView.obj
 0002:0000aaf0       ??_GCClassToolBar@@UAEPAXI@Z 0041daf0 f i ClassView.obj
 0002:0000ab60       ??1CClassView@@UAE@XZ      0041db60 f   ClassView.obj
 0002:0000ac40       ?GetMessageMap@CClassView@@MBEPBUAFX_MSGMAP@@XZ 0041dc40 f   ClassView.obj
 0002:0000ac90       ?GetThisMessageMap@CClassView@@KGPBUAFX_MSGMAP@@XZ 0041dc90 f   ClassView.obj
 0002:0000acd0       ?OnCreate@CClassView@@IAEHPAUtagCREATESTRUCTA@@@Z 0041dcd0 f   ClassView.obj
 0002:0000b120       ?OnSize@CClassView@@IAEXIHH@Z 0041e120 f   ClassView.obj
 0002:0000b1a0       ?FillClassView@CClassView@@IAEXXZ 0041e1a0 f   ClassView.obj
 0002:0000b1e0       ?OnContextMenu@CClassView@@IAEXPAVCWnd@@VCPoint@@@Z 0041e1e0 f   ClassView.obj
 0002:0000b530       ?AdjustLayout@CClassView@@UAEXXZ 0041e530 f   ClassView.obj
 0002:0000b6d0       ?PreTranslateMessage@CClassView@@UAEHPAUtagMSG@@@Z 0041e6d0 f   ClassView.obj
 0002:0000b730       ?OnSort@CClassView@@IAEXI@Z 0041e730 f   ClassView.obj
 0002:0000b830       ?OnUpdateSort@CClassView@@IAEXPAVCCmdUI@@@Z 0041e830 f   ClassView.obj
 0002:0000b8b0       ?OnClassAddMemberFunction@CClassView@@IAEXXZ 0041e8b0 f   ClassView.obj
 0002:0000b910       ?OnClassAddMemberVariable@CClassView@@IAEXXZ 0041e910 f   ClassView.obj
 0002:0000b950       ?OnClassDefinition@CClassView@@IAEXXZ 0041e950 f   ClassView.obj
 0002:0000b990       ?OnClassProperties@CClassView@@IAEXXZ 0041e990 f   ClassView.obj
 0002:0000b9d0       ?OnNewFolder@CClassView@@IAEXXZ 0041e9d0 f   ClassView.obj
 0002:0000ba30       ?OnPaint@CClassView@@IAEXXZ 0041ea30 f   ClassView.obj
 0002:0000bbe0       ?OnSetFocus@CClassView@@IAEXPAVCWnd@@@Z 0041ebe0 f   ClassView.obj
 0002:0000bc50       ?OnChangeVisualStyle@CClassView@@QAEXXZ 0041ec50 f   ClassView.obj
 0002:0000bee0       ?CanBeDropped@CMFCToolBarButton@@UAEHPAVCMFCToolBar@@@Z 0041eee0 f i ClassView.obj
 0002:0000bf20       ?OnClickUp@CMFCToolBarButton@@UAEHXZ 0041ef20 f i ClassView.obj
 0002:0000bf60       ?OnMove@CMFCToolBarButton@@UAEXXZ 0041ef60 f i ClassView.obj
 0002:0000bfa0       ?OnSize@CMFCToolBarButton@@UAEXH@Z 0041efa0 f i ClassView.obj
 0002:0000bfe0       ?GetHwnd@CMFCToolBarButton@@UAEPAUHWND__@@XZ 0041efe0 f i ClassView.obj
 0002:0000c020       ?CanBeStretched@CMFCToolBarButton@@UBEHXZ 0041f020 f i ClassView.obj
 0002:0000c060       ?NotifyCommand@CMFCToolBarButton@@UAEHH@Z 0041f060 f i ClassView.obj
 0002:0000c0a0       ?OnAddToCustomizePage@CMFCToolBarButton@@UAEXXZ 0041f0a0 f i ClassView.obj
 0002:0000c0e0       ?OnCtlColor@CMFCToolBarButton@@UAEPAUHBRUSH__@@PAVCDC@@I@Z 0041f0e0 f i ClassView.obj
 0002:0000c120       ?OnDblClk@CMFCToolBarButton@@UAEXPAVCWnd@@@Z 0041f120 f i ClassView.obj
 0002:0000c160       ?CanBeStored@CMFCToolBarButton@@UBEHXZ 0041f160 f i ClassView.obj
 0002:0000c1a0       ?OnGlobalFontsChanged@CMFCToolBarButton@@UAEXXZ 0041f1a0 f i ClassView.obj
 0002:0000c1e0       ?IsEditable@CMFCToolBarButton@@UBEHXZ 0041f1e0 f i ClassView.obj
 0002:0000c280       ?IsStandardCommand@@YAHI@Z 0041f280 f i ClassView.obj
 0002:0000c360       ?GetToolsEntryCmd@CUserToolsManager@@QBEIXZ 0041f360 f i ClassView.obj
 0002:0000c3a0       ?OnCustomizeMenu@CMFCToolBarButton@@UAEHPAVCMenu@@@Z 0041f3a0 f i ClassView.obj
 0002:0000c3e0       ?OnBeforeDrop@CMFCToolBarButton@@UAEHPAVCMFCToolBar@@@Z 0041f3e0 f i ClassView.obj
 0002:0000c420       ?OnShow@CMFCToolBarButton@@UAEXH@Z 0041f420 f i ClassView.obj
 0002:0000c460       ?GetInvalidateRect@CMFCToolBarButton@@UBE?BVCRect@@XZ 0041f460 f i ClassView.obj
 0002:0000c4d0       ?SetStyle@CMFCToolBarButton@@UAEXI@Z 0041f4d0 f i ClassView.obj
 0002:0000c520       ?EnableWindow@CMFCToolBarButton@@UAEXH@Z 0041f520 f i ClassView.obj
 0002:0000c5c0       ?IsWindowVisible@CMFCToolBarButton@@UAEHXZ 0041f5c0 f i ClassView.obj
 0002:0000c6b0       ?IsOwnerOf@CMFCToolBarButton@@UAEHPAUHWND__@@@Z 0041f6b0 f i ClassView.obj
 0002:0000c7a0       ?HasFocus@CMFCToolBarButton@@UBEHXZ 0041f7a0 f i ClassView.obj
 0002:0000c880       ?OnGetCustomToolTipText@CMFCToolBarButton@@UAEHAAV?$CStringT@DV?$StrTraitMFC_DLL@DV?$ChTraitsCRT@D@ATL@@@@@ATL@@@Z 0041f880 f i ClassView.obj
 0002:0000c8c0       ?OnUpdateToolTip@CMFCToolBarButton@@UAEHPAVCWnd@@HAAVCToolTipCtrl@@AAV?$CStringT@DV?$StrTraitMFC_DLL@DV?$ChTraitsCRT@D@ATL@@@@@ATL@@@Z 0041f8c0 f i ClassView.obj
 0002:0000c900       ?IsExtraSize@CMFCToolBarButton@@UBEHXZ 0041f900 f i ClassView.obj
 0002:0000c940       ?IsFloating@CBasePane@@UBEHXZ 0041f940 f i ClassView.obj
 0002:0000c9b0       ?DoesAllowDynInsertBefore@CBasePane@@UBEHXZ 0041f9b0 f i ClassView.obj
 0002:0000ca20       ?CanBeAttached@CBasePane@@UBEHXZ 0041fa20 f i ClassView.obj
 0002:0000ca60       ?GetEnabledAlignment@CBasePane@@UBEKXZ 0041fa60 f i ClassView.obj
 0002:0000caa0       ?GetParentDockSite@CBasePane@@UBEPAVCDockSite@@XZ 0041faa0 f i ClassView.obj
 0002:0000cae0       ?GetCaptionHeight@CBasePane@@UBEHXZ 0041fae0 f i ClassView.obj
 0002:0000cb20       ?GetRecentVisibleState@CBasePane@@UBEHXZ 0041fb20 f i ClassView.obj
 0002:0000cb60       ?IsRestoredFromRegistry@CBasePane@@UBEHXZ 0041fb60 f i ClassView.obj
 0002:0000cba0       ?SetRestoredFromRegistry@CBasePane@@UAEXH@Z 0041fba0 f i ClassView.obj
 0002:0000cbf0       ?GetPaneIcon@CBasePane@@UAEPAUHICON__@@H@Z 0041fbf0 f i ClassView.obj
 0002:0000cc50       ?GetPaneStyle@CBasePane@@UBEKXZ 0041fc50 f i ClassView.obj
 0002:0000cc90       ?GetControlBarStyle@CBasePane@@UBEKXZ 0041fc90 f i ClassView.obj
 0002:0000ccd0       ?CanBeClosed@CBasePane@@UBEHXZ 0041fcd0 f i ClassView.obj
 0002:0000cd10       ?CanBeResized@CBasePane@@UBEHXZ 0041fd10 f i ClassView.obj
 0002:0000cd50       ?CanAutoHide@CBasePane@@UBEHXZ 0041fd50 f i ClassView.obj
 0002:0000cd90       ?CanFocus@CBasePane@@UBEHXZ 0041fd90 f i ClassView.obj
 0002:0000cdd0       ?IsAutoHideMode@CBasePane@@UBEHXZ 0041fdd0 f i ClassView.obj
 0002:0000ce10       ?SetPaneAlignment@CBasePane@@UAEXK@Z 0041fe10 f i ClassView.obj
 0002:0000ce70       ?SetPaneStyle@CBasePane@@UAEXK@Z 0041fe70 f i ClassView.obj
 0002:0000cec0       ?SetControlBarStyle@CBasePane@@UAEXK@Z 0041fec0 f i ClassView.obj
 0002:0000cf10       ?EnableDocking@CBasePane@@UAEXK@Z 0041ff10 f i ClassView.obj
 0002:0000cf60       ?EnableGripper@CBasePane@@UAEXH@Z 0041ff60 f i ClassView.obj
 0002:0000cfa0       ?OnDrawCaption@CBasePane@@UAEXXZ 0041ffa0 f i ClassView.obj
 0002:0000cfe0       ?OnMovePaneDivider@CBasePane@@UAEXPAVCPaneDivider@@@Z 0041ffe0 f i ClassView.obj
 0002:0000d020       ?StretchPane@CBasePane@@UAE?AVCSize@@HH@Z 00420020 f i ClassView.obj
 0002:0000d080       ?OnRemoveFromMiniFrame@CBasePane@@UAEXPAVCPaneFrameWnd@@@Z 00420080 f i ClassView.obj
 0002:0000d0c0       ?HideInPrintPreviewMode@CBasePane@@UBEHXZ 004200c0 f i ClassView.obj
 0002:0000d100       ?IsAccessibilityCompatible@CBasePane@@UAEHXZ 00420100 f i ClassView.obj
 0002:0000d140       ?AccNotifyObjectFocusEvent@CBasePane@@UAEXH@Z 00420140 f i ClassView.obj
 0002:0000d180       ?IsHorizontal@CBasePane@@UBEHXZ 00420180 f i ClassView.obj
 0002:0000d210       ?CanAcceptPane@CBasePane@@UBEHPBV1@@Z 00420210 f i ClassView.obj
 0002:0000d250       ?IsResizable@CPane@@UBEHXZ 00420250 f i ClassView.obj
 0002:0000d290       ?IsDragMode@CPane@@UBEHXZ  00420290 f i ClassView.obj
 0002:0000d2d0       ?GetMinSize@CPane@@UBEXAAVCSize@@@Z 004202d0 f i ClassView.obj
 0002:0000d330       ?GetMinLength@CPane@@UBEHXZ 00420330 f i ClassView.obj
 0002:0000d3a0       ?GetResizeStep@CPane@@UBEHXZ 004203a0 f i ClassView.obj
 0002:0000d3e0       ?IsInFloatingMultiPaneFrameWnd@CPane@@UBEHXZ 004203e0 f i ClassView.obj
 0002:0000d420       ?DoesAllowSiblingBars@CPane@@UBEHXZ 00420420 f i ClassView.obj
 0002:0000d470       ?AllowShowOnPaneMenu@CPane@@UBEHXZ 00420470 f i ClassView.obj
 0002:0000d4b0       ?SetExclusiveRowMode@CPane@@UAEXH@Z 004204b0 f i ClassView.obj
 0002:0000d500       ?GetExclusiveRowMode@CPane@@UBEHXZ 00420500 f i ClassView.obj
 0002:0000d540       ?DockToFrameWindow@CPane@@UAEHKPBUtagRECT@@KPAVCBasePane@@HH@Z 00420540 f i ClassView.obj
 0002:0000d580       ?CalcSize@CPane@@UAE?AVCSize@@H@Z 00420580 f i ClassView.obj
 0002:0000d5e0       ?DockPaneStandard@CPane@@UAEPAV1@AAH@Z 004205e0 f i ClassView.obj
 0002:0000d630       ?ToggleAutoHide@CPane@@UAEXXZ 00420630 f i ClassView.obj
 0002:0000d670       ?OnBeforeShowPaneMenu@CPane@@MAEHAAVCMenu@@@Z 00420670 f i ClassView.obj
 0002:0000d6b0       ?OnAfterShowPaneMenu@CPane@@MAEHH@Z 004206b0 f i ClassView.obj
 0002:0000d6f0       ?OnDrawDragRect@CPane@@MAEXPBUtagRECT@@0@Z 004206f0 f i ClassView.obj
 0002:0000d730       ?OnBeforeStretch@CPane@@MAEXAAH@Z 00420730 f i ClassView.obj
 0002:0000d770       ?OnAfterStretch@CPane@@MAEXH@Z 00420770 f i ClassView.obj
 0002:0000d7b0       ?CanBeDocked@CPane@@UBEHPAVCBasePane@@@Z 004207b0 f i ClassView.obj
 0002:0000d870       ?GetDockingMode@CMFCBaseToolBar@@UBE?AW4AFX_DOCK_TYPE@@XZ 00420870 f i ClassView.obj
 0002:0000d8b0       ?GetMinSize@CMFCBaseToolBar@@UBEXAAVCSize@@@Z 004208b0 f i ClassView.obj
 0002:0000d950       ?OnShowControlBarMenu@CMFCBaseToolBar@@MAEHVCPoint@@@Z 00420950 f i ClassView.obj
 0002:0000d990       ?GetRowHeight@CMFCToolBar@@UBEHXZ 00420990 f i ClassView.obj
 0002:0000db70       ?GetTextHeight@AFX_GLOBAL_DATA@@QAEHH@Z 00420b70 f i ClassView.obj
 0002:0000dbe0       ?GetColumnWidth@CMFCToolBar@@UBEHXZ 00420be0 f i ClassView.obj
 0002:0000dca0       ?IsButtonExtraSizeAvailable@CMFCToolBar@@UBEHXZ 00420ca0 f i ClassView.obj
 0002:0000dce0       ?CanFocus@CMFCToolBar@@UBEHXZ 00420ce0 f i ClassView.obj
 0002:0000dd20       ?GetButtonSize@CMFCToolBar@@QBE?AVCSize@@XZ 00420d20 f i ClassView.obj
 0002:0000df20       ?GetInstance@CMFCVisualManager@@SGPAV1@XZ 00420f20 f i ClassView.obj
 0002:0000e0d0       ?IsResourceChanged@CMFCToolBar@@UBEHXZ 004210d0 f i ClassView.obj
 0002:0000e110       ?IsFloating@CMFCToolBar@@UBEHXZ 00421110 f i ClassView.obj
 0002:0000e150       ?GetImages@CMFCToolBar@@SGPAVCMFCToolBarImages@@XZ 00421150 f i ClassView.obj
 0002:0000e190       ?AllowChangeTextLabels@CMFCToolBar@@UBEHXZ 00421190 f i ClassView.obj
 0002:0000e1d0       ?OnBeforeRemoveButton@CMFCToolBar@@UAEHPAVCMFCToolBarButton@@K@Z 004211d0 f i ClassView.obj
 0002:0000e210       ?SetRouteCommandsViaFrame@CMFCToolBar@@QAEXH@Z 00421210 f i ClassView.obj
 0002:0000e260       ?CanBeClosed@CMFCToolBar@@UBEHXZ 00421260 f i ClassView.obj
 0002:0000e2b0       ?OnReset@CMFCToolBar@@UAEXXZ 004212b0 f i ClassView.obj
 0002:0000e2f0       ?OnFillBackground@CMFCToolBar@@UAEXPAVCDC@@@Z 004212f0 f i ClassView.obj
 0002:0000e330       ?GetCommandTarget@CMFCToolBar@@MBEPAVCWnd@@XZ 00421330 f i ClassView.obj
 0002:0000e3e0       ?OnSendCommand@CMFCToolBar@@MAEHPBVCMFCToolBarButton@@@Z 004213e0 f i ClassView.obj
 0002:0000e420       ?AllowSelectDisabled@CMFCToolBar@@MBEHXZ 00421420 f i ClassView.obj
 0002:0000e460       ?AlwaysSaveSelection@CMFCToolBar@@MBEHXZ 00421460 f i ClassView.obj
 0002:0000e4a0       ?OnKey@CMFCToolBar@@MAEHI@Z 004214a0 f i ClassView.obj
 0002:0000e4e0       ?IsPureMenuButton@CMFCToolBar@@MBEHPAVCMFCToolBarButton@@@Z 004214e0 f i ClassView.obj
 0002:0000e530       ?AllowAltCustomization@CMFCToolBar@@MBEHXZ 00421530 f i ClassView.obj
 0002:0000e570       ?GetTabArea@CDockablePane@@UBEXAAVCRect@@0@Z 00421570 f i ClassView.obj
 0002:0000e5d0       ?IsTabLocationBottom@CDockablePane@@UBEHXZ 004215d0 f i ClassView.obj
 0002:0000e610       ?IsResizable@CDockablePane@@UBEHXZ 00421610 f i ClassView.obj
 0002:0000e650       ?CanAcceptPane@CDockablePane@@UBEHPBVCBasePane@@@Z 00421650 f i ClassView.obj
 0002:0000e730       ?CanBeAttached@CDockablePane@@UBEHXZ 00421730 f i ClassView.obj
 0002:0000e770       ?IsAutoHideMode@CDockablePane@@UBEHXZ 00421770 f i ClassView.obj
 0002:0000e7b0       ?HasAutoHideMode@CDockablePane@@UBEHXZ 004217b0 f i ClassView.obj
 0002:0000e7f0       ?IsAutohideAllEnabled@CDockablePane@@UBEHXZ 004217f0 f i ClassView.obj
 0002:0000e830       ?IsAccessibilityCompatible@CDockablePane@@UAEHXZ 00421830 f i ClassView.obj
 0002:0000e870       ?OnAfterDockFromMiniFrame@CDockablePane@@UAEXXZ 00421870 f i ClassView.obj
 0002:0000e8e0       ?DockToRecentPos@CDockablePane@@UAEHXZ 004218e0 f i ClassView.obj
 0002:0000e950       ?IsHideInAutoHideMode@CDockablePane@@UBEHXZ 00421950 f i ClassView.obj
 0002:0000e990       ?CanAdjustLayout@CDockablePane@@UBEHXZ 00421990 f i ClassView.obj
 0002:0000ea10       ?GetAHSlideMode@CDockablePane@@UBEIXZ 00421a10 f i ClassView.obj
 0002:0000ea50       ?OnContinueMoving@CDockablePane@@MAEXXZ 00421a50 f i ClassView.obj
 0002:0000ea90       ?OnPressButtons@CDockablePane@@MAEXI@Z 00421a90 f i ClassView.obj
 0002:0000ead0       ?HaveHotBorder@CMFCToolBarMenuButton@@UBEHXZ 00421ad0 f i ClassView.obj
 0002:0000eb10       ?OnContextHelp@CMFCToolBarMenuButton@@UAEHPAVCWnd@@@Z 00421b10 f i ClassView.obj
 0002:0000eb80       ?IsDroppedDown@CMFCToolBarMenuButton@@UBEHXZ 00421b80 f i ClassView.obj
 0002:0000ebd0       ?CreatePopupMenu@CMFCToolBarMenuButton@@UAEPAVCMFCPopupMenu@@XZ 00421bd0 f i ClassView.obj
 0002:0000ecc0       ?OnAfterCreatePopupMenu@CMFCToolBarMenuButton@@UAEXXZ 00421cc0 f i ClassView.obj
 0002:0000ed00       ?IsEmptyMenuAllowed@CMFCToolBarMenuButton@@UBEHXZ 00421d00 f i ClassView.obj
 0002:0000ed40       ?IsBorder@CMFCToolBarMenuButton@@UBEHXZ 00421d40 f i ClassView.obj
 0002:0000ed80       ?OnClickMenuItem@CMFCToolBarMenuButton@@UAEHXZ 00421d80 f i ClassView.obj
 0002:0000edc0       ?IsExclusive@CMFCToolBarMenuButton@@UBEHXZ 00421dc0 f i ClassView.obj
 0002:0000ee00       ?HasButton@CMFCToolBarMenuButton@@UBEHXZ 00421e00 f i ClassView.obj
 0002:0000ee40       ?IsTearOffMenu@CMFCToolBarMenuButton@@UBEHXZ 00421e40 f i ClassView.obj
 0002:0000ee90       ?SetMessageWnd@CMFCToolBarMenuButton@@QAEXPAVCWnd@@@Z 00421e90 f i ClassView.obj
 0002:0000eee0       ?Find@?$CList@II@@QBEPAU__POSITION@@IPAU2@@Z 00421ee0 f i ClassView.obj
 0002:0000efd0       ??$CompareElements@II@@YGHPBI0@Z 00421fd0 f i ClassView.obj
 0002:0000f0f0       ??0AFX_CLASSINIT@@QAE@PAUCRuntimeClass@@@Z 004220f0 f i ClassView.obj
 0002:0000f150       ??0CFileView@@QAE@XZ       00422150 f   FileView.obj
 0002:0000f240       ??_GCFileView@@UAEPAXI@Z   00422240 f i FileView.obj
 0002:0000f240       ??_ECFileView@@UAEPAXI@Z   00422240 f i FileView.obj
 0002:0000f2b0       ??0CFileViewToolBar@@QAE@XZ 004222b0 f i FileView.obj
 0002:0000f310       ?OnUpdateCmdUI@CFileViewToolBar@@EAEXPAVCFrameWnd@@H@Z 00422310 f i FileView.obj
 0002:0000f380       ?AllowShowOnList@CFileViewToolBar@@EBEHXZ 00422380 f i FileView.obj
 0002:0000f3c0       ??_GCFileViewToolBar@@UAEPAXI@Z 004223c0 f i FileView.obj
 0002:0000f3c0       ??_ECFileViewToolBar@@UAEPAXI@Z 004223c0 f i FileView.obj
 0002:0000f430       ??1CFileViewToolBar@@UAE@XZ 00422430 f i FileView.obj
 0002:0000f480       ??1CFileView@@UAE@XZ       00422480 f   FileView.obj
 0002:0000f560       ?GetMessageMap@CFileView@@MBEPBUAFX_MSGMAP@@XZ 00422560 f   FileView.obj
 0002:0000f5b0       ?GetThisMessageMap@CFileView@@KGPBUAFX_MSGMAP@@XZ 004225b0 f   FileView.obj
 0002:0000f5f0       ?OnCreate@CFileView@@IAEHPAUtagCREATESTRUCTA@@@Z 004225f0 f   FileView.obj
 0002:0000f900       ?OnSize@CFileView@@IAEXIHH@Z 00422900 f   FileView.obj
 0002:0000f980       ?FillFileView@CFileView@@IAEXXZ 00422980 f   FileView.obj
 0002:0000f9c0       ?OnContextMenu@CFileView@@IAEXPAVCWnd@@VCPoint@@@Z 004229c0 f   FileView.obj
 0002:0000fbb0       ?AdjustLayout@CFileView@@UAEXXZ 00422bb0 f   FileView.obj
 0002:0000fd50       ?OnProperties@CFileView@@IAEXXZ 00422d50 f   FileView.obj
 0002:0000fdb0       ?OnFileOpen@CFileView@@IAEXXZ 00422db0 f   FileView.obj
 0002:0000fdf0       ?OnFileOpenWith@CFileView@@IAEXXZ 00422df0 f   FileView.obj
 0002:0000fe30       ?OnDummyCompile@CFileView@@IAEXXZ 00422e30 f   FileView.obj
 0002:0000fe70       ?OnEditCut@CFileView@@IAEXXZ 00422e70 f   FileView.obj
 0002:0000feb0       ?OnEditCopy@CFileView@@IAEXXZ 00422eb0 f   FileView.obj
 0002:0000fef0       ?OnEditClear@CFileView@@IAEXXZ 00422ef0 f   FileView.obj
 0002:0000ff30       ?OnPaint@CFileView@@IAEXXZ 00422f30 f   FileView.obj
 0002:000100e0       ?OnSetFocus@CFileView@@IAEXPAVCWnd@@@Z 004230e0 f   FileView.obj
 0002:00010150       ?OnChangeVisualStyle@CFileView@@QAEXXZ 00423150 f   FileView.obj
 0002:000103e0       ?ShowTreeView@CFileView@@QAEJIJ@Z 004233e0 f   FileView.obj
 0002:00010730       ?CreateObject@CMainFrame@@SGPAVCObject@@XZ 00423730 f   MainFrm.obj
 0002:00010820       ?_GetBaseClass@CMainFrame@@KGPAUCRuntimeClass@@XZ 00423820 f   MainFrm.obj
 0002:00010870       ?GetThisClass@CMainFrame@@SGPAUCRuntimeClass@@XZ 00423870 f   MainFrm.obj
 0002:000108b0       ?GetRuntimeClass@CMainFrame@@UBEPAUCRuntimeClass@@XZ 004238b0 f   MainFrm.obj
 0002:000108f0       ?GetMessageMap@CMainFrame@@MBEPBUAFX_MSGMAP@@XZ 004238f0 f   MainFrm.obj
 0002:00010940       ?GetThisMessageMap@CMainFrame@@KGPBUAFX_MSGMAP@@XZ 00423940 f   MainFrm.obj
 0002:00010a90       ??0CMainFrame@@IAE@XZ      00423a90 f   MainFrm.obj
 0002:00010c20       ??_ECMainFrame@@UAEPAXI@Z  00423c20 f i MainFrm.obj
 0002:00010c20       ??_GCMainFrame@@UAEPAXI@Z  00423c20 f i MainFrm.obj
 0002:00010c90       ??1CMainFrame@@UAE@XZ      00423c90 f   MainFrm.obj
 0002:00010e00       ?OnCreate@CMainFrame@@IAEHPAUtagCREATESTRUCTA@@@Z 00423e00 f   MainFrm.obj
 0002:000118d0       ?PreCreateWindow@CMainFrame@@UAEHAAUtagCREATESTRUCTA@@@Z 004248d0 f   MainFrm.obj
 0002:00011940       ?CreateDockingWindows@CMainFrame@@IAEHXZ 00424940 f   MainFrm.obj
 0002:00012100       ?SetDockingWindowIcons@CMainFrame@@IAEXH@Z 00425100 f   MainFrm.obj
 0002:00012350       ?AssertValid@CMainFrame@@UBEXXZ 00425350 f   MainFrm.obj
 0002:000123a0       ?Dump@CMainFrame@@UBEXAAVCDumpContext@@@Z 004253a0 f   MainFrm.obj
 0002:00012400       ?OnViewCustomize@CMainFrame@@IAEXXZ 00425400 f   MainFrm.obj
 0002:00012540       ?OnToolbarCreateNew@CMainFrame@@IAEJIJ@Z 00425540 f   MainFrm.obj
 0002:00012700       ?OnApplicationLook@CMainFrame@@IAEXI@Z 00425700 f   MainFrm.obj
 0002:000129a0       ?OnUpdateApplicationLook@CMainFrame@@IAEXPAVCCmdUI@@@Z 004259a0 f   MainFrm.obj
 0002:00012a20       ?LoadFrame@CMainFrame@@UAEHIKPAVCWnd@@PAUCCreateContext@@@Z 00425a20 f   MainFrm.obj
 0002:00012bf0       ?GetFileView@CMainFrame@@QAEPAVCFileView@@XZ 00425bf0 f   MainFrm.obj
 0002:00012c30       ??0?$CList@II@@QAE@H@Z     00425c30 f i MainFrm.obj
 0002:00012d40       ?SetImageSize@CMFCToolBarImages@@QAEXUtagSIZE@@H@Z 00425d40 f i MainFrm.obj
 0002:00012dd0       ?GetUserImages@CMFCToolBar@@SGPAVCMFCToolBarImages@@XZ 00425dd0 f i MainFrm.obj
 0002:00012e10       ?EnableQuickCustomization@CMFCToolBar@@SGXH@Z 00425e10 f i MainFrm.obj
 0002:00012e50       ?SetForceMenuFocus@CMFCPopupMenu@@SGXH@Z 00425e50 f i MainFrm.obj
 0002:00012e90       ?EnablePaneMenu@CFrameWndEx@@QAEXHIABV?$CStringT@DV?$StrTraitMFC_DLL@DV?$ChTraitsCRT@D@ATL@@@@@ATL@@IHH@Z 00425e90 f i MainFrm.obj
 0002:00012f20       ?SetControlbarsMenuId@CFrameImpl@@QAEXIH@Z 00425f20 f i MainFrm.obj
 0002:00012f70       ?InitUserToolbars@CFrameWndEx@@IAEXPBDII@Z 00425f70 f i MainFrm.obj
 0002:00012fe0       ?GetUserToolBarByIndex@CFrameWndEx@@IBEPAVCMFCToolBar@@H@Z 00425fe0 f i MainFrm.obj
 0002:00013040       ?OnShowCustomizePane@CFrameWndEx@@UAEHPAVCMFCPopupMenu@@I@Z 00426040 f i MainFrm.obj
 0002:000130b0       ?OnMenuButtonToolHitTest@CFrameWndEx@@UAEHPAVCMFCToolBarButton@@PAUtagTOOLINFOA@@@Z 004260b0 f i MainFrm.obj
 0002:000130f0       ?GetToolbarButtonToolTipText@CFrameWndEx@@UAEHPAVCMFCToolBarButton@@AAV?$CStringT@DV?$StrTraitMFC_DLL@DV?$ChTraitsCRT@D@ATL@@@@@ATL@@@Z 004260f0 f i MainFrm.obj
 0002:00013130       ?OnDrawMenuLogo@CFrameWndEx@@UAEXPAVCDC@@PAVCMFCPopupMenu@@ABVCRect@@@Z 00426130 f i MainFrm.obj
 0002:00013170       ?OnTearOffMenu@CFrameWndEx@@UAEHPAVCMFCPopupMenu@@PAVCPane@@@Z 00426170 f i MainFrm.obj
 0002:000131b0       ?OnCloseMiniFrame@CFrameWndEx@@UAEHPAVCPaneFrameWnd@@@Z 004261b0 f i MainFrm.obj
 0002:000131f0       ?OnCloseDockingPane@CFrameWndEx@@UAEHPAVCDockablePane@@@Z 004261f0 f i MainFrm.obj
 0002:00013230       ??1?$CList@II@@UAE@XZ      00426230 f i MainFrm.obj
 0002:00013300       ?Serialize@?$CList@II@@UAEXAAVCArchive@@@Z 00426300 f i MainFrm.obj
 0002:00013490       ?Dump@?$CList@II@@UBEXAAVCDumpContext@@@Z 00426490 f i MainFrm.obj
 0002:000135e0       ?AssertValid@?$CList@II@@UBEXXZ 004265e0 f i MainFrm.obj
 0002:000136f0       ??_E?$CList@II@@UAEPAXI@Z  004266f0 f i MainFrm.obj
 0002:000136f0       ??_G?$CList@II@@UAEPAXI@Z  004266f0 f i MainFrm.obj
 0002:00013760       ?AddTail@?$CList@II@@QAEPAU__POSITION@@I@Z 00426760 f i MainFrm.obj
 0002:00013820       ?RemoveAll@?$CList@II@@QAEXXZ 00426820 f i MainFrm.obj
 0002:000138f0       ?GetHeadPosition@?$CList@II@@QBEPAU__POSITION@@XZ 004268f0 f i MainFrm.obj
 0002:00013930       ?GetNext@?$CList@II@@QAEAAIAAPAU__POSITION@@@Z 00426930 f i MainFrm.obj
 0002:000139d0       ??$SerializeElements@I@@YGXAAVCArchive@@PAIH@Z 004269d0 f i MainFrm.obj
 0002:00013bc0       ??$DumpElements@I@@YGXAAVCDumpContext@@PBIH@Z 00426bc0 f i MainFrm.obj
 0002:00013cb0       ?NewNode@?$CList@II@@IAEPAUCNode@1@PAU21@0@Z 00426cb0 f i MainFrm.obj
 0002:00013e60       ??0COutputWnd@@QAE@XZ      00426e60 f   OutputWnd.obj
 0002:00013f90       ??_GCOutputWnd@@UAEPAXI@Z  00426f90 f i OutputWnd.obj
 0002:00013f90       ??_ECOutputWnd@@UAEPAXI@Z  00426f90 f i OutputWnd.obj
 0002:00014000       ??1COutputWnd@@UAE@XZ      00427000 f   OutputWnd.obj
 0002:00014130       ?GetMessageMap@COutputWnd@@MBEPBUAFX_MSGMAP@@XZ 00427130 f   OutputWnd.obj
 0002:00014180       ?GetThisMessageMap@COutputWnd@@KGPBUAFX_MSGMAP@@XZ 00427180 f   OutputWnd.obj
 0002:000141c0       ?OnCreate@COutputWnd@@IAEHPAUtagCREATESTRUCTA@@@Z 004271c0 f   OutputWnd.obj
 0002:00014750       ?OnSize@COutputWnd@@IAEXIHH@Z 00427750 f   OutputWnd.obj
 0002:000147e0       ?AdjustHorzScroll@COutputWnd@@IAEXAAVCListBox@@@Z 004277e0 f   OutputWnd.obj
 0002:000149f0       ?FillBuildWindow@COutputWnd@@IAEXXZ 004279f0 f   OutputWnd.obj
 0002:00014a30       ?FillDebugWindow@COutputWnd@@IAEXXZ 00427a30 f   OutputWnd.obj
 0002:00014ac0       ?FillFindWindow@COutputWnd@@IAEXXZ 00427ac0 f   OutputWnd.obj
 0002:00014b50       ??0COutputList@@QAE@XZ     00427b50 f   OutputWnd.obj
 0002:00014bb0       ??_GCOutputList@@UAEPAXI@Z 00427bb0 f i OutputWnd.obj
 0002:00014bb0       ??_ECOutputList@@UAEPAXI@Z 00427bb0 f i OutputWnd.obj
 0002:00014c20       ??1COutputList@@UAE@XZ     00427c20 f   OutputWnd.obj
 0002:00014c80       ?GetMessageMap@COutputList@@MBEPBUAFX_MSGMAP@@XZ 00427c80 f   OutputWnd.obj
 0002:00014cd0       ?GetThisMessageMap@COutputList@@KGPBUAFX_MSGMAP@@XZ 00427cd0 f   OutputWnd.obj
 0002:00014d10       ?OnContextMenu@COutputList@@IAEXPAVCWnd@@VCPoint@@@Z 00427d10 f   OutputWnd.obj
 0002:00014f50       ?OnEditCopy@COutputList@@IAEXXZ 00427f50 f   OutputWnd.obj
 0002:00014fb0       ?OnEditClear@COutputList@@IAEXXZ 00427fb0 f   OutputWnd.obj
 0002:00015010       ?OnViewOutput@COutputList@@IAEXXZ 00428010 f   OutputWnd.obj
 0002:000150f0       ?ShowOutPut@COutputWnd@@SGKPAX@Z 004280f0 f   OutputWnd.obj
 0002:00015370       ?StartThread@COutputWnd@@QAEJIJ@Z 00428370 f   OutputWnd.obj
 0002:000153e0       ?AdjustLayout@CBasePane@@UAEXXZ 004283e0 f i OutputWnd.obj
 0002:00015420       ??0CPropertiesWnd@@QAE@XZ  00428420 f   PropertiesWnd.obj
 0002:00015520       ??_GCPropertiesWnd@@UAEPAXI@Z 00428520 f i PropertiesWnd.obj
 0002:00015520       ??_ECPropertiesWnd@@UAEPAXI@Z 00428520 f i PropertiesWnd.obj
 0002:00015590       ??0CPropertiesToolBar@@QAE@XZ 00428590 f i PropertiesWnd.obj
 0002:000155f0       ?OnUpdateCmdUI@CPropertiesToolBar@@UAEXPAVCFrameWnd@@H@Z 004285f0 f i PropertiesWnd.obj
 0002:00015660       ?AllowShowOnList@CPropertiesToolBar@@UBEHXZ 00428660 f i PropertiesWnd.obj
 0002:000156a0       ??1CPropertiesToolBar@@UAE@XZ 004286a0 f i PropertiesWnd.obj
 0002:000156f0       ??_ECPropertiesToolBar@@UAEPAXI@Z 004286f0 f i PropertiesWnd.obj
 0002:000156f0       ??_GCPropertiesToolBar@@UAEPAXI@Z 004286f0 f i PropertiesWnd.obj
 0002:00015760       ??1CPropertiesWnd@@UAE@XZ  00428760 f   PropertiesWnd.obj
 0002:00015860       ?GetMessageMap@CPropertiesWnd@@MBEPBUAFX_MSGMAP@@XZ 00428860 f   PropertiesWnd.obj
 0002:000158b0       ?GetThisMessageMap@CPropertiesWnd@@KGPBUAFX_MSGMAP@@XZ 004288b0 f   PropertiesWnd.obj
 0002:000158f0       ?AdjustLayout@CPropertiesWnd@@UAEXXZ 004288f0 f   PropertiesWnd.obj
 0002:00015b10       ?OnCreate@CPropertiesWnd@@IAEHPAUtagCREATESTRUCTA@@@Z 00428b10 f   PropertiesWnd.obj
 0002:00015f40       ?OnSize@CPropertiesWnd@@IAEXIHH@Z 00428f40 f   PropertiesWnd.obj
 0002:00015fc0       ?OnExpandAllProperties@CPropertiesWnd@@IAEXXZ 00428fc0 f   PropertiesWnd.obj
 0002:00016020       ?OnUpdateExpandAllProperties@CPropertiesWnd@@IAEXPAVCCmdUI@@@Z 00429020 f   PropertiesWnd.obj
 0002:00016060       ?OnSortProperties@CPropertiesWnd@@IAEXXZ 00429060 f   PropertiesWnd.obj
 0002:000160e0       ?OnUpdateSortProperties@CPropertiesWnd@@IAEXPAVCCmdUI@@@Z 004290e0 f   PropertiesWnd.obj
 0002:00016160       ?OnProperties1@CPropertiesWnd@@IAEXXZ 00429160 f   PropertiesWnd.obj
 0002:000161a0       ?OnUpdateProperties1@CPropertiesWnd@@IAEXPAVCCmdUI@@@Z 004291a0 f   PropertiesWnd.obj
 0002:000161e0       ?OnProperties2@CPropertiesWnd@@IAEXXZ 004291e0 f   PropertiesWnd.obj
 0002:00016220       ?OnUpdateProperties2@CPropertiesWnd@@IAEXPAVCCmdUI@@@Z 00429220 f   PropertiesWnd.obj
 0002:00016260       ?InitPropList@CPropertiesWnd@@IAEXXZ 00429260 f   PropertiesWnd.obj
 0002:00018620       ?OnSetFocus@CPropertiesWnd@@IAEXPAVCWnd@@@Z 0042b620 f   PropertiesWnd.obj
 0002:00018690       ?OnSettingChange@CPropertiesWnd@@IAEXIPBD@Z 0042b690 f   PropertiesWnd.obj
 0002:00018700       ?SetPropListFont@CPropertiesWnd@@IAEXXZ 0042b700 f   PropertiesWnd.obj
 0002:00018870       ??0_variant_t@@QAE@JG@Z    0042b870 f i PropertiesWnd.obj
 0002:00018960       ??0_variant_t@@QAE@PBD@Z   0042b960 f i PropertiesWnd.obj
 0002:000189d0       ??0_variant_t@@QAE@_N@Z    0042b9d0 f i PropertiesWnd.obj
 0002:00018a30       ??1_variant_t@@QAE@XZ      0042ba30 f i PropertiesWnd.obj
 0002:00018a90       ?AllowEdit@CMFCPropertyGridProperty@@QAEXH@Z 0042ba90 f i PropertiesWnd.obj
 0002:00018b10       ?IsAlphabeticMode@CMFCPropertyGridCtrl@@QBEHXZ 0042bb10 f i PropertiesWnd.obj
 0002:00018b50       ?_AfxInitManaged@@YAHXZ    0042bb50 f i stdafx.obj
 0002:00018b80       ??_H@YGXPAXIHP6EPAX0@Z@Z   0042bb80 f i stdafx.obj
 0002:00018bf0       ??0Thank_you@Define_the_symbol__ATL_MIXED@@QAE@XZ 0042bbf0 f i stdafx.obj
 0002:00018c40       ?one@Thank_you@Define_the_symbol__ATL_MIXED@@UAEXXZ 0042bc40 f i stdafx.obj
 0002:00018c80       ??0CViewTree@@QAE@XZ       0042bc80 f   ViewTree.obj
 0002:00018ce0       ??_ECViewTree@@UAEPAXI@Z   0042bce0 f i ViewTree.obj
 0002:00018ce0       ??_GCViewTree@@UAEPAXI@Z   0042bce0 f i ViewTree.obj
 0002:00018d50       ??1CViewTree@@UAE@XZ       0042bd50 f   ViewTree.obj
 0002:00018db0       ?GetMessageMap@CViewTree@@MBEPBUAFX_MSGMAP@@XZ 0042bdb0 f   ViewTree.obj
 0002:00018e00       ?GetThisMessageMap@CViewTree@@KGPBUAFX_MSGMAP@@XZ 0042be00 f   ViewTree.obj
 0002:00018e40       ?OnNotify@CViewTree@@MAEHIJPAJ@Z 0042be40 f   ViewTree.obj
 0002:00018f60       ?OnClick@CViewTree@@IAEXPAUtagNMHDR@@PAJ@Z 0042bf60 f   ViewTree.obj
 0002:00019034       ??3@YAXPAX@Z               0042c034 f   mfc90d:mfc90d.dll
 0002:0001903a       ?GetThisMessageMap@CDialog@@KGPBUAFX_MSGMAP@@XZ 0042c03a f   mfc90d:mfc90d.dll
 0002:00019040       ?GetThisMessageMap@CWinApp@@KGPBUAFX_MSGMAP@@XZ 0042c040 f   mfc90d:mfc90d.dll
 0002:00019046       ?OnFilePrintSetup@CWinApp@@IAEXXZ 0042c046 f   mfc90d:mfc90d.dll
 0002:0001904c       ?OnFileOpen@CWinApp@@IAEXXZ 0042c04c f   mfc90d:mfc90d.dll
 0002:00019052       ?OnFileNew@CWinApp@@IAEXXZ 0042c052 f   mfc90d:mfc90d.dll
 0002:00019058       ??1?$CStringT@DV?$StrTraitMFC_DLL@DV?$ChTraitsCRT@D@ATL@@@@@ATL@@QAE@XZ 0042c058 f   mfc90d:mfc90d.dll
 0002:0001905e       ??1CWinAppEx@@UAE@XZ       0042c05e f   mfc90d:mfc90d.dll
 0002:00019064       ??0?$CStringT@DV?$StrTraitMFC_DLL@DV?$ChTraitsCRT@D@ATL@@@@@ATL@@QAE@XZ 0042c064 f   mfc90d:mfc90d.dll
 0002:0001906a       ??0CWinAppEx@@QAE@H@Z      0042c06a f   mfc90d:mfc90d.dll
 0002:00019070       ?GetRuntimeClass@CWinAppEx@@UBEPAUCRuntimeClass@@XZ 0042c070 f   mfc90d:mfc90d.dll
 0002:00019076       ?Serialize@CObject@@UAEXAAVCArchive@@@Z 0042c076 f   mfc90d:mfc90d.dll
 0002:0001907c       ?AssertValid@CWinApp@@UBEXXZ 0042c07c f   mfc90d:mfc90d.dll
 0002:00019082       ?Dump@CWinApp@@UBEXAAVCDumpContext@@@Z 0042c082 f   mfc90d:mfc90d.dll
 0002:00019088       ?OnCmdMsg@CCmdTarget@@UAEHIHPAXPAUAFX_CMDHANDLERINFO@@@Z 0042c088 f   mfc90d:mfc90d.dll
 0002:0001908e       ?OnFinalRelease@CCmdTarget@@UAEXXZ 0042c08e f   mfc90d:mfc90d.dll
 0002:00019094       ?IsInvokeAllowed@CCmdTarget@@UAEHJ@Z 0042c094 f   mfc90d:mfc90d.dll
 0002:0001909a       ?GetDispatchIID@CCmdTarget@@UAEHPAU_GUID@@@Z 0042c09a f   mfc90d:mfc90d.dll
 0002:000190a0       ?GetTypeInfoCount@CCmdTarget@@UAEIXZ 0042c0a0 f   mfc90d:mfc90d.dll
 0002:000190a6       ?GetTypeLibCache@CCmdTarget@@UAEPAVCTypeLibCache@@XZ 0042c0a6 f   mfc90d:mfc90d.dll
 0002:000190ac       ?GetTypeLib@CCmdTarget@@UAEJKPAPAUITypeLib@@@Z 0042c0ac f   mfc90d:mfc90d.dll
 0002:000190b2       ?GetCommandMap@CCmdTarget@@MBEPBUAFX_OLECMDMAP@@XZ 0042c0b2 f   mfc90d:mfc90d.dll
 0002:000190b8       ?GetDispatchMap@CCmdTarget@@MBEPBUAFX_DISPMAP@@XZ 0042c0b8 f   mfc90d:mfc90d.dll
 0002:000190be       ?GetConnectionMap@CCmdTarget@@MBEPBUAFX_CONNECTIONMAP@@XZ 0042c0be f   mfc90d:mfc90d.dll
 0002:000190c4       ?GetInterfaceMap@CCmdTarget@@MBEPBUAFX_INTERFACEMAP@@XZ 0042c0c4 f   mfc90d:mfc90d.dll
 0002:000190ca       ?GetEventSinkMap@CCmdTarget@@MBEPBUAFX_EVENTSINKMAP@@XZ 0042c0ca f   mfc90d:mfc90d.dll
 0002:000190d0       ?OnCreateAggregates@CCmdTarget@@UAEHXZ 0042c0d0 f   mfc90d:mfc90d.dll
 0002:000190d6       ?GetInterfaceHook@CCmdTarget@@UAEPAUIUnknown@@PBX@Z 0042c0d6 f   mfc90d:mfc90d.dll
 0002:000190dc       ?GetExtraConnectionPoints@CCmdTarget@@MAEHPAVCPtrArray@@@Z 0042c0dc f   mfc90d:mfc90d.dll
 0002:000190e2       ?GetConnectionHook@CCmdTarget@@MAEPAUIConnectionPoint@@ABU_GUID@@@Z 0042c0e2 f   mfc90d:mfc90d.dll
 0002:000190e8       ?Run@CWinApp@@UAEHXZ       0042c0e8 f   mfc90d:mfc90d.dll
 0002:000190ee       ?PreTranslateMessage@CWinThread@@UAEHPAUtagMSG@@@Z 0042c0ee f   mfc90d:mfc90d.dll
 0002:000190f4       ?PumpMessage@CWinThread@@UAEHXZ 0042c0f4 f   mfc90d:mfc90d.dll
 0002:000190fa       ?OnIdle@CWinApp@@UAEHJ@Z   0042c0fa f   mfc90d:mfc90d.dll
 0002:00019100       ?IsIdleMessage@CWinThread@@UAEHPAUtagMSG@@@Z 0042c100 f   mfc90d:mfc90d.dll
 0002:00019106       ?ExitInstance@CWinAppEx@@UAEHXZ 0042c106 f   mfc90d:mfc90d.dll
 0002:0001910c       ?ProcessWndProcException@CWinApp@@UAEJPAVCException@@PBUtagMSG@@@Z 0042c10c f   mfc90d:mfc90d.dll
 0002:00019112       ?ProcessMessageFilter@CWinThread@@UAEHHPAUtagMSG@@@Z 0042c112 f   mfc90d:mfc90d.dll
 0002:00019118       ?GetMainWnd@CWinThread@@UAEPAVCWnd@@XZ 0042c118 f   mfc90d:mfc90d.dll
 0002:0001911e       ?Delete@CWinThread@@UAEXXZ 0042c11e f   mfc90d:mfc90d.dll
 0002:00019124       ?InitLibId@CWinApp@@UAEXXZ 0042c124 f   mfc90d:mfc90d.dll
 0002:0001912a       ?Register@CWinApp@@UAEHXZ  0042c12a f   mfc90d:mfc90d.dll
 0002:00019130       ?Unregister@CWinApp@@UAEHXZ 0042c130 f   mfc90d:mfc90d.dll
 0002:00019136       ?OpenDocumentFile@CWinApp@@UAEPAVCDocument@@PBD@Z 0042c136 f   mfc90d:mfc90d.dll
 0002:0001913c       ?AddToRecentFileList@CWinApp@@UAEXPBD@Z 0042c13c f   mfc90d:mfc90d.dll
 0002:00019142       ?InitApplication@CWinApp@@UAEHXZ 0042c142 f   mfc90d:mfc90d.dll
 0002:00019148       ?SaveAllModified@CWinApp@@UAEHXZ 0042c148 f   mfc90d:mfc90d.dll
 0002:0001914e       ?DoMessageBox@CWinApp@@UAEHPBDII@Z 0042c14e f   mfc90d:mfc90d.dll
 0002:00019154       ?DoWaitCursor@CWinApp@@UAEXH@Z 0042c154 f   mfc90d:mfc90d.dll
 0002:0001915a       ?OnDDECommand@CWinApp@@UAEHPAD@Z 0042c15a f   mfc90d:mfc90d.dll
 0002:00019160       ?WinHelpA@CWinApp@@UAEXKI@Z 0042c160 f   mfc90d:mfc90d.dll
 0002:00019166       ?HtmlHelpA@CWinApp@@UAEXKI@Z 0042c166 f   mfc90d:mfc90d.dll
 0002:0001916c       ?WinHelpInternal@CWinApp@@UAEXKI@Z 0042c16c f   mfc90d:mfc90d.dll
 0002:00019172       ?LoadAppLangResourceDLL@CWinApp@@UAEPAUHINSTANCE__@@XZ 0042c172 f   mfc90d:mfc90d.dll
 0002:00019178       ?LoadSysPolicies@CWinApp@@UAEHXZ 0042c178 f   mfc90d:mfc90d.dll
 0002:0001917e       ?LoadState@CWinAppEx@@UAEHPBDPAVCFrameImpl@@@Z 0042c17e f   mfc90d:mfc90d.dll
 0002:00019184       ?CleanState@CWinAppEx@@UAEHPBD@Z 0042c184 f   mfc90d:mfc90d.dll
 0002:0001918a       ?SaveState@CWinAppEx@@UAEHPBDPAVCFrameImpl@@@Z 0042c18a f   mfc90d:mfc90d.dll
 0002:00019190       ?OnViewDoubleClick@CWinAppEx@@UAEHPAVCWnd@@H@Z 0042c190 f   mfc90d:mfc90d.dll
 0002:00019196       ?ShowPopupMenu@CWinAppEx@@UAEHIABVCPoint@@PAVCWnd@@@Z 0042c196 f   mfc90d:mfc90d.dll
 0002:0001919c       ?OnAppContextHelp@CWinAppEx@@UAEXPAVCWnd@@QBK@Z 0042c19c f   mfc90d:mfc90d.dll
 0002:000191a2       ?OnClosingMainFrame@CWinAppEx@@MAEXPAVCFrameImpl@@@Z 0042c1a2 f   mfc90d:mfc90d.dll
 0002:000191a8       ?LoadWindowPlacement@CWinAppEx@@MAEHAAVCRect@@AAH1@Z 0042c1a8 f   mfc90d:mfc90d.dll
 0002:000191ae       ?StoreWindowPlacement@CWinAppEx@@MAEHABVCRect@@HH@Z 0042c1ae f   mfc90d:mfc90d.dll
 0002:000191b4       ?ReloadWindowPlacement@CWinAppEx@@MAEHPAVCFrameWnd@@@Z 0042c1b4 f   mfc90d:mfc90d.dll
 0002:000191ba       ??3CObject@@SGXPAX@Z       0042c1ba f   mfc90d:mfc90d.dll
 0002:000191c0       ??3CObject@@SGXPAXPBDH@Z   0042c1c0 f   mfc90d:mfc90d.dll
 0002:000191c6       ?UpdateWindow@CWnd@@QAEXXZ 0042c1c6 f   mfc90d:mfc90d.dll
 0002:000191cc       ?ShowWindow@CWnd@@QAEHH@Z  0042c1cc f   mfc90d:mfc90d.dll
 0002:000191d2       ??1CCommandLineInfo@@UAE@XZ 0042c1d2 f   mfc90d:mfc90d.dll
 0002:000191d8       ?ProcessShellCommand@CWinApp@@QAEHAAVCCommandLineInfo@@@Z 0042c1d8 f   mfc90d:mfc90d.dll
 0002:000191de       ?ParseCommandLine@CWinApp@@QAEXAAVCCommandLineInfo@@@Z 0042c1de f   mfc90d:mfc90d.dll
 0002:000191e4       ??0CCommandLineInfo@@QAE@XZ 0042c1e4 f   mfc90d:mfc90d.dll
 0002:000191ea       ?AddDocTemplate@CWinApp@@QAEXPAVCDocTemplate@@@Z 0042c1ea f   mfc90d:mfc90d.dll
 0002:000191f0       ??0CSingleDocTemplate@@QAE@IPAUCRuntimeClass@@00@Z 0042c1f0 f   mfc90d:mfc90d.dll
 0002:000191f6       ??2CObject@@SGPAXIPBDH@Z   0042c1f6 f   mfc90d:mfc90d.dll
 0002:000191fc       ?SetTooltipParams@CTooltipManager@@QAEXIPAUCRuntimeClass@@PAVCMFCToolTipInfo@@@Z 0042c1fc f   mfc90d:mfc90d.dll
 0002:00019202       ?GetTooltipManager@CWinAppEx@@QAEPAVCTooltipManager@@XZ 0042c202 f   mfc90d:mfc90d.dll
 0002:00019208       ?GetThisClass@CMFCToolTipCtrl@@SGPAUCRuntimeClass@@XZ 0042c208 f   mfc90d:mfc90d.dll
 0002:0001920e       ?InitTooltipManager@CWinAppEx@@QAEHXZ 0042c20e f   mfc90d:mfc90d.dll
 0002:00019214       ?InitKeyboardManager@CWinAppEx@@QAEHXZ 0042c214 f   mfc90d:mfc90d.dll
 0002:0001921a       ?InitContextMenuManager@CWinAppEx@@QAEHXZ 0042c21a f   mfc90d:mfc90d.dll
 0002:00019220       ?LoadStdProfileSettings@CWinApp@@IAEXI@Z 0042c220 f   mfc90d:mfc90d.dll
 0002:00019226       ?SetRegistryKey@CWinApp@@IAEXPBD@Z 0042c226 f   mfc90d:mfc90d.dll
 0002:0001922c       ?AfxEnableControlContainer@@YAXPAVCOccManager@@@Z 0042c22c f   mfc90d:mfc90d.dll
 0002:00019232       ?AfxMessageBox@@YGHIII@Z   0042c232 f   mfc90d:mfc90d.dll
 0002:00019238       ?AfxOleInit@@YGHXZ         0042c238 f   mfc90d:mfc90d.dll
 0002:0001923e       ?InitInstance@CWinApp@@UAEHXZ 0042c23e f   mfc90d:mfc90d.dll
 0002:00019244       ??0CDialog@@QAE@IPAVCWnd@@@Z 0042c244 f   mfc90d:mfc90d.dll
 0002:0001924a       ?GetRuntimeClass@CDialog@@UBEPAUCRuntimeClass@@XZ 0042c24a f   mfc90d:mfc90d.dll
 0002:00019250       ?AssertValid@CDialog@@UBEXXZ 0042c250 f   mfc90d:mfc90d.dll
 0002:00019256       ?Dump@CDialog@@UBEXAAVCDumpContext@@@Z 0042c256 f   mfc90d:mfc90d.dll
 0002:0001925c       ?OnCmdMsg@CDialog@@UAEHIHPAXPAUAFX_CMDHANDLERINFO@@@Z 0042c25c f   mfc90d:mfc90d.dll
 0002:00019262       ?OnFinalRelease@CWnd@@UAEXXZ 0042c262 f   mfc90d:mfc90d.dll
 0002:00019268       ?GetInterfaceMap@CWnd@@MBEPBUAFX_INTERFACEMAP@@XZ 0042c268 f   mfc90d:mfc90d.dll
 0002:0001926e       ?PreSubclassWindow@CWnd@@UAEXXZ 0042c26e f   mfc90d:mfc90d.dll
 0002:00019274       ?Create@CWnd@@UAEHPBD0KABUtagRECT@@PAV1@IPAUCCreateContext@@@Z 0042c274 f   mfc90d:mfc90d.dll
 0002:0001927a       ?CreateEx@CWnd@@UAEHKPBD0KABUtagRECT@@PAV1@IPAX@Z 0042c27a f   mfc90d:mfc90d.dll
 0002:00019280       ?CreateEx@CWnd@@UAEHKPBD0KHHHHPAUHWND__@@PAUHMENU__@@PAX@Z 0042c280 f   mfc90d:mfc90d.dll
 0002:00019286       ?DestroyWindow@CWnd@@UAEHXZ 0042c286 f   mfc90d:mfc90d.dll
 0002:0001928c       ?PreCreateWindow@CWnd@@UAEHAAUtagCREATESTRUCTA@@@Z 0042c28c f   mfc90d:mfc90d.dll
 0002:00019292       ?CalcWindowRect@CWnd@@UAEXPAUtagRECT@@I@Z 0042c292 f   mfc90d:mfc90d.dll
 0002:00019298       ?GetMenu@CWnd@@UBEPAVCMenu@@XZ 0042c298 f   mfc90d:mfc90d.dll
 0002:0001929e       ?SetMenu@CWnd@@UAEHPAVCMenu@@@Z 0042c29e f   mfc90d:mfc90d.dll
 0002:000192a4       ?OnToolHitTest@CWnd@@UBEHVCPoint@@PAUtagTOOLINFOA@@@Z 0042c2a4 f   mfc90d:mfc90d.dll
 0002:000192aa       ?GetScrollBarCtrl@CWnd@@UBEPAVCScrollBar@@H@Z 0042c2aa f   mfc90d:mfc90d.dll
 0002:000192b0       ?WinHelpA@CWnd@@UAEXKI@Z   0042c2b0 f   mfc90d:mfc90d.dll
 0002:000192b6       ?HtmlHelpA@CWnd@@UAEXKI@Z  0042c2b6 f   mfc90d:mfc90d.dll
 0002:000192bc       ?WinHelpInternal@CWnd@@UAEXKI@Z 0042c2bc f   mfc90d:mfc90d.dll
 0002:000192c2       ?ContinueModal@CWnd@@UAEHXZ 0042c2c2 f   mfc90d:mfc90d.dll
 0002:000192c8       ?EndModalLoop@CWnd@@UAEXH@Z 0042c2c8 f   mfc90d:mfc90d.dll
 0002:000192ce       ?EnsureStdObj@CWnd@@UAEJXZ 0042c2ce f   mfc90d:mfc90d.dll
 0002:000192d4       ?get_accParent@CWnd@@UAEJPAPAUIDispatch@@@Z 0042c2d4 f   mfc90d:mfc90d.dll
 0002:000192da       ?get_accChildCount@CWnd@@UAEJPAJ@Z 0042c2da f   mfc90d:mfc90d.dll
 0002:000192e0       ?get_accChild@CWnd@@UAEJUtagVARIANT@@PAPAUIDispatch@@@Z 0042c2e0 f   mfc90d:mfc90d.dll
 0002:000192e6       ?get_accName@CWnd@@UAEJUtagVARIANT@@PAPA_W@Z 0042c2e6 f   mfc90d:mfc90d.dll
 0002:000192ec       ?get_accValue@CWnd@@UAEJUtagVARIANT@@PAPA_W@Z 0042c2ec f   mfc90d:mfc90d.dll
 0002:000192f2       ?get_accDescription@CWnd@@UAEJUtagVARIANT@@PAPA_W@Z 0042c2f2 f   mfc90d:mfc90d.dll
 0002:000192f8       ?get_accRole@CWnd@@UAEJUtagVARIANT@@PAU2@@Z 0042c2f8 f   mfc90d:mfc90d.dll
 0002:000192fe       ?get_accState@CWnd@@UAEJUtagVARIANT@@PAU2@@Z 0042c2fe f   mfc90d:mfc90d.dll
 0002:00019304       ?get_accHelp@CWnd@@UAEJUtagVARIANT@@PAPA_W@Z 0042c304 f   mfc90d:mfc90d.dll
 0002:0001930a       ?get_accHelpTopic@CWnd@@UAEJPAPA_WUtagVARIANT@@PAJ@Z 0042c30a f   mfc90d:mfc90d.dll
 0002:00019310       ?get_accKeyboardShortcut@CWnd@@UAEJUtagVARIANT@@PAPA_W@Z 0042c310 f   mfc90d:mfc90d.dll
 0002:00019316       ?get_accFocus@CWnd@@UAEJPAUtagVARIANT@@@Z 0042c316 f   mfc90d:mfc90d.dll
 0002:0001931c       ?get_accSelection@CWnd@@UAEJPAUtagVARIANT@@@Z 0042c31c f   mfc90d:mfc90d.dll
 0002:00019322       ?get_accDefaultAction@CWnd@@UAEJUtagVARIANT@@PAPA_W@Z 0042c322 f   mfc90d:mfc90d.dll
 0002:00019328       ?accSelect@CWnd@@UAEJJUtagVARIANT@@@Z 0042c328 f   mfc90d:mfc90d.dll
 0002:0001932e       ?accLocation@CWnd@@UAEJPAJ000UtagVARIANT@@@Z 0042c32e f   mfc90d:mfc90d.dll
 0002:00019334       ?accNavigate@CWnd@@UAEJJUtagVARIANT@@PAU2@@Z 0042c334 f   mfc90d:mfc90d.dll
 0002:0001933a       ?accHitTest@CWnd@@UAEJJJPAUtagVARIANT@@@Z 0042c33a f   mfc90d:mfc90d.dll
 0002:00019340       ?accDoDefaultAction@CWnd@@UAEJUtagVARIANT@@@Z 0042c340 f   mfc90d:mfc90d.dll
 0002:00019346       ?put_accName@CWnd@@UAEJUtagVARIANT@@PA_W@Z 0042c346 f   mfc90d:mfc90d.dll
 0002:0001934c       ?put_accValue@CWnd@@UAEJUtagVARIANT@@PA_W@Z 0042c34c f   mfc90d:mfc90d.dll
 0002:00019352       ?SetProxy@CWnd@@UAEJPAUIAccessibleProxy@@@Z 0042c352 f   mfc90d:mfc90d.dll
 0002:00019358       ?CreateAccessibleProxy@CWnd@@UAEJIJPAJ@Z 0042c358 f   mfc90d:mfc90d.dll
 0002:0001935e       ?OnCommand@CWnd@@MAEHIJ@Z  0042c35e f   mfc90d:mfc90d.dll
 0002:00019364       ?OnNotify@CWnd@@MAEHIJPAJ@Z 0042c364 f   mfc90d:mfc90d.dll
 0002:0001936a       ?GetSuperWndProcAddr@CWnd@@MAEPAP6GJPAUHWND__@@IIJ@ZXZ 0042c36a f   mfc90d:mfc90d.dll
 0002:00019370       ?BeginModalState@CWnd@@UAEXXZ 0042c370 f   mfc90d:mfc90d.dll
 0002:00019376       ?EndModalState@CWnd@@UAEXXZ 0042c376 f   mfc90d:mfc90d.dll
 0002:0001937c       ?PreTranslateMessage@CDialog@@UAEHPAUtagMSG@@@Z 0042c37c f   mfc90d:mfc90d.dll
 0002:00019382       ?OnAmbientProperty@CWnd@@UAEHPAVCOleControlSite@@JPAUtagVARIANT@@@Z 0042c382 f   mfc90d:mfc90d.dll
 0002:00019388       ?WindowProc@CWnd@@MAEJIIJ@Z 0042c388 f   mfc90d:mfc90d.dll
 0002:0001938e       ?OnWndMsg@CWnd@@MAEHIIJPAJ@Z 0042c38e f   mfc90d:mfc90d.dll
 0002:00019394       ?DefWindowProcA@CWnd@@MAEJIIJ@Z 0042c394 f   mfc90d:mfc90d.dll
 0002:0001939a       ?PostNcDestroy@CWnd@@MAEXXZ 0042c39a f   mfc90d:mfc90d.dll
 0002:000193a0       ?OnChildNotify@CWnd@@MAEHIIJPAJ@Z 0042c3a0 f   mfc90d:mfc90d.dll
 0002:000193a6       ?CheckAutoCenter@CDialog@@UAEHXZ 0042c3a6 f   mfc90d:mfc90d.dll
 0002:000193ac       ?IsFrameWnd@CWnd@@UBEHXZ   0042c3ac f   mfc90d:mfc90d.dll
 0002:000193b2       ?CreateControlContainer@CWnd@@MAEHPAPAVCOleControlContainer@@@Z 0042c3b2 f   mfc90d:mfc90d.dll
 0002:000193b8       ?CreateControlSite@CWnd@@MAEHPAVCOleControlContainer@@PAPAVCOleControlSite@@IABU_GUID@@@Z 0042c3b8 f   mfc90d:mfc90d.dll
 0002:000193be       ?SetOccDialogInfo@CDialog@@MAEHPAU_AFX_OCC_DIALOG_INFO@@@Z 0042c3be f   mfc90d:mfc90d.dll
 0002:000193c4       ?GetOccDialogInfo@CDialog@@MAEPAU_AFX_OCC_DIALOG_INFO@@XZ 0042c3c4 f   mfc90d:mfc90d.dll
 0002:000193ca       ?Create@CDialog@@UAEHIPAVCWnd@@@Z 0042c3ca f   mfc90d:mfc90d.dll
 0002:000193d0       ?Create@CDialog@@UAEHPBDPAVCWnd@@@Z 0042c3d0 f   mfc90d:mfc90d.dll
 0002:000193d6       ?CreateIndirect@CDialog@@UAEHPAXPAVCWnd@@@Z 0042c3d6 f   mfc90d:mfc90d.dll
 0002:000193dc       ?CreateIndirect@CDialog@@UAEHPBUDLGTEMPLATE@@PAVCWnd@@PAX@Z 0042c3dc f   mfc90d:mfc90d.dll
 0002:000193e2       ?DoModal@CDialog@@UAEHXZ   0042c3e2 f   mfc90d:mfc90d.dll
 0002:000193e8       ?OnInitDialog@CDialog@@UAEHXZ 0042c3e8 f   mfc90d:mfc90d.dll
 0002:000193ee       ?OnSetFont@CDialog@@UAEXPAVCFont@@@Z 0042c3ee f   mfc90d:mfc90d.dll
 0002:000193f4       ?OnOK@CDialog@@MAEXXZ      0042c3f4 f   mfc90d:mfc90d.dll
 0002:000193fa       ?OnCancel@CDialog@@MAEXXZ  0042c3fa f   mfc90d:mfc90d.dll
 0002:00019400       ?PreInitDialog@CDialog@@MAEXXZ 0042c400 f   mfc90d:mfc90d.dll
 0002:00019406       ??1CDialog@@UAE@XZ         0042c406 f   mfc90d:mfc90d.dll
 0002:0001940c       ?DoDataExchange@CWnd@@MAEXPAVCDataExchange@@@Z 0042c40c f   mfc90d:mfc90d.dll
 0002:00019412       ?AddMenu@CContextMenuManager@@QAEHPBDI@Z 0042c412 f   mfc90d:mfc90d.dll
 0002:00019418       ?GetContextMenuManager@CWinAppEx@@QAEPAVCContextMenuManager@@XZ 0042c418 f   mfc90d:mfc90d.dll
 0002:0001941e       ??B?$CSimpleStringT@D$00@ATL@@QBEPBDXZ 0042c41e f   mfc90d:mfc90d.dll
 0002:00019424       ?AfxAssertFailedLine@@YGHPBDH@Z 0042c424 f   mfc90d:mfc90d.dll
 0002:0001942a       ?LoadStringA@?$CStringT@DV?$StrTraitMFC_DLL@DV?$ChTraitsCRT@D@ATL@@@@@ATL@@QAEHI@Z 0042c42a f   mfc90d:mfc90d.dll
 0002:00019430       ?ReleaseBuffer@?$CSimpleStringT@D$00@ATL@@QAEXH@Z 0042c430 f   mfc90d:mfc90d.dll
 0002:00019436       ??4?$CStringT@DV?$StrTraitMFC_DLL@DV?$ChTraitsCRT@D@ATL@@@@@ATL@@QAEAAV01@ABV01@@Z 0042c436 f   mfc90d:mfc90d.dll
 0002:0001943c       ?GetBuffer@?$CSimpleStringT@D$00@ATL@@QAEPADH@Z 0042c43c f   mfc90d:mfc90d.dll
 0002:00019442       ?GetSafeHwnd@CWnd@@QBEPAUHWND__@@XZ 0042c442 f   mfc90d:mfc90d.dll
 0002:00019448       ?Mid@?$CStringT@DV?$StrTraitMFC_DLL@DV?$ChTraitsCRT@D@ATL@@@@@ATL@@QBE?AV12@HH@Z 0042c448 f   mfc90d:mfc90d.dll
 0002:0001944e       ?Trim@?$CStringT@DV?$StrTraitMFC_DLL@DV?$ChTraitsCRT@D@ATL@@@@@ATL@@QAEAAV12@XZ 0042c44e f   mfc90d:mfc90d.dll
 0002:00019454       ??1CStdioFile@@UAE@XZ      0042c454 f   mfc90d:mfc90d.dll
 0002:0001945a       ?AfxMessageBox@@YGHPBDII@Z 0042c45a f   mfc90d:mfc90d.dll
 0002:00019460       ??2@YAPAXIPBDH@Z           0042c460 f   mfc90d:mfc90d.dll
 0002:00019466       ?Left@?$CStringT@DV?$StrTraitMFC_DLL@DV?$ChTraitsCRT@D@ATL@@@@@ATL@@QBE?AV12@H@Z 0042c466 f   mfc90d:mfc90d.dll
 0002:0001946c       ?Right@?$CStringT@DV?$StrTraitMFC_DLL@DV?$ChTraitsCRT@D@ATL@@@@@ATL@@QBE?AV12@H@Z 0042c46c f   mfc90d:mfc90d.dll
 0002:00019472       ?ReadString@CStdioFile@@UAEHAAV?$CStringT@DV?$StrTraitMFC_DLL@DV?$ChTraitsCRT@D@ATL@@@@@ATL@@@Z 0042c472 f   mfc90d:mfc90d.dll
 0002:00019478       ??0CStdioFile@@QAE@PBDI@Z  0042c478 f   mfc90d:mfc90d.dll
 0002:0001947e       ??0?$CStringT@DV?$StrTraitMFC_DLL@DV?$ChTraitsCRT@D@ATL@@@@@ATL@@QAE@ABV01@@Z 0042c47e f   mfc90d:mfc90d.dll
 0002:00019484       ??1CFileFind@@UAE@XZ       0042c484 f   mfc90d:mfc90d.dll
 0002:0001948a       ?GetFilePath@CFileFind@@UBE?AV?$CStringT@DV?$StrTraitMFC_DLL@DV?$ChTraitsCRT@D@ATL@@@@@ATL@@XZ 0042c48a f   mfc90d:mfc90d.dll
 0002:00019490       ?FindNextFileA@CFileFind@@UAEHXZ 0042c490 f   mfc90d:mfc90d.dll
 0002:00019496       ?FindFile@CFileFind@@UAEHPBDK@Z 0042c496 f   mfc90d:mfc90d.dll
 0002:0001949c       ??0CFileFind@@QAE@XZ       0042c49c f   mfc90d:mfc90d.dll
 0002:000194a2       ?IsEmpty@?$CSimpleStringT@D$00@ATL@@QBE_NXZ 0042c4a2 f   mfc90d:mfc90d.dll
 0002:000194a8       ??_U@YAPAXIPBDH@Z          0042c4a8 f   mfc90d:mfc90d.dll
 0002:000194ae       ??A?$CSimpleStringT@D$00@ATL@@QBEDH@Z 0042c4ae f   mfc90d:mfc90d.dll
 0002:000194b4       ?Delete@?$CStringT@DV?$StrTraitMFC_DLL@DV?$ChTraitsCRT@D@ATL@@@@@ATL@@QAEHHH@Z 0042c4b4 f   mfc90d:mfc90d.dll
 0002:000194ba       ?Remove@?$CStringT@DV?$StrTraitMFC_DLL@DV?$ChTraitsCRT@D@ATL@@@@@ATL@@QAEHD@Z 0042c4ba f   mfc90d:mfc90d.dll
 0002:000194c0       ?Concatenate@?$CSimpleStringT@D$00@ATL@@KAXAAV12@PBDH1H@Z 0042c4c0 f   mfc90d:mfc90d.dll
 0002:000194c6       ?GetLength@?$CSimpleStringT@D$00@ATL@@QBEHXZ 0042c4c6 f   mfc90d:mfc90d.dll
 0002:000194cc       ??0?$CStringT@DV?$StrTraitMFC_DLL@DV?$ChTraitsCRT@D@ATL@@@@@ATL@@QAE@PAUIAtlStringMgr@1@@Z 0042c4cc f   mfc90d:mfc90d.dll
 0002:000194d2       ?GetManager@?$CStringT@DV?$StrTraitMFC_DLL@DV?$ChTraitsCRT@D@ATL@@@@@ATL@@QBEPAUIAtlStringMgr@2@XZ 0042c4d2 f   mfc90d:mfc90d.dll
 0002:000194d8       ??1CObject@@UAE@XZ         0042c4d8 f   mfc90d:mfc90d.dll
 0002:000194de       ??0CObject@@IAE@XZ         0042c4de f   mfc90d:mfc90d.dll
 0002:000194e4       ?GetRuntimeClass@CObject@@UBEPAUCRuntimeClass@@XZ 0042c4e4 f   mfc90d:mfc90d.dll
 0002:000194ea       ?AfxThrowInvalidArgException@@YGXXZ 0042c4ea f   mfc90d:mfc90d.dll
 0002:000194f0       ?AfxAssertValidObject@@YGXPBVCObject@@PBDH@Z 0042c4f0 f   mfc90d:mfc90d.dll
 0002:000194f6       ?ReadCount@CArchive@@QAEKXZ 0042c4f6 f   mfc90d:mfc90d.dll
 0002:000194fc       ??$SerializeElements@V?$CStringT@DV?$StrTraitMFC_DLL@DV?$ChTraitsCRT@D@ATL@@@@@ATL@@@@YGXAAVCArchive@@PAV?$CStringT@DV?$StrTraitMFC_DLL@DV?$ChTraitsCRT@D@ATL@@@@@ATL@@H@Z 0042c4fc f   mfc90d:mfc90d.dll
 0002:00019502       ?AfxIsValidAddress@@YGHPBXIH@Z 0042c502 f   mfc90d:mfc90d.dll
 0002:00019508       ?WriteCount@CArchive@@QAEXK@Z 0042c508 f   mfc90d:mfc90d.dll
 0002:0001950e       ?IsStoring@CArchive@@QBEHXZ 0042c50e f   mfc90d:mfc90d.dll
 0002:00019514       ?GetDepth@CDumpContext@@QBEHXZ 0042c514 f   mfc90d:mfc90d.dll
 0002:0001951a       ??6CDumpContext@@QAEAAV0@H@Z 0042c51a f   mfc90d:mfc90d.dll
 0002:00019520       ??6CDumpContext@@QAEAAV0@PBD@Z 0042c520 f   mfc90d:mfc90d.dll
 0002:00019526       ?Dump@CObject@@UBEXAAVCDumpContext@@@Z 0042c526 f   mfc90d:mfc90d.dll
 0002:0001952c       ?AssertValid@CObject@@UBEXXZ 0042c52c f   mfc90d:mfc90d.dll
 0002:00019532       ?FreeDataChain@CPlex@@QAEXXZ 0042c532 f   mfc90d:mfc90d.dll
 0002:00019538       ?Create@CPlex@@SGPAU1@AAPAU1@II@Z 0042c538 f   mfc90d:mfc90d.dll
 0002:0001953e       ??_V@YAXPAX@Z              0042c53e f   mfc90d:mfc90d.dll
 0002:00019544       ??$HashKey@PBD@@YGIPBD@Z   0042c544 f   mfc90d:mfc90d.dll
 0002:0001954a       ?EnsureRead@CArchive@@QAEXPAXI@Z 0042c54a f   mfc90d:mfc90d.dll
 0002:00019550       ?Write@CArchive@@QAEXPBXI@Z 0042c550 f   mfc90d:mfc90d.dll
 0002:00019556       ??_U@YAPAXI@Z              0042c556 f   mfc90d:mfc90d.dll
 0002:0001955c       ??0?$CStringT@DV?$StrTraitMFC_DLL@DV?$ChTraitsCRT@D@ATL@@@@@ATL@@QAE@PBD@Z 0042c55c f   mfc90d:mfc90d.dll
 0002:00019562       ?StringLength@?$CSimpleStringT@D$00@ATL@@SAHPBD@Z 0042c562 f   mfc90d:mfc90d.dll
 0002:00019568       ?Compare@?$CStringT@DV?$StrTraitMFC_DLL@DV?$ChTraitsCRT@D@ATL@@@@@ATL@@QBEHPBD@Z 0042c568 f   mfc90d:mfc90d.dll
 0002:0001956e       ?GetThisMessageMap@CDocument@@KGPBUAFX_MSGMAP@@XZ 0042c56e f   mfc90d:mfc90d.dll
 0002:00019574       ?GetThisClass@CDocument@@SGPAUCRuntimeClass@@XZ 0042c574 f   mfc90d:mfc90d.dll
 0002:0001957a       ??0CDocument@@QAE@XZ       0042c57a f   mfc90d:mfc90d.dll
 0002:00019580       ?OnCmdMsg@CDocument@@UAEHIHPAXPAUAFX_CMDHANDLERINFO@@@Z 0042c580 f   mfc90d:mfc90d.dll
 0002:00019586       ?OnFinalRelease@CDocument@@UAEXXZ 0042c586 f   mfc90d:mfc90d.dll
 0002:0001958c       ?SetTitle@CDocument@@UAEXPBD@Z 0042c58c f   mfc90d:mfc90d.dll
 0002:00019592       ?SetPathName@CDocument@@UAEXPBDH@Z 0042c592 f   mfc90d:mfc90d.dll
 0002:00019598       ?IsModified@CDocument@@UAEHXZ 0042c598 f   mfc90d:mfc90d.dll
 0002:0001959e       ?SetModifiedFlag@CDocument@@UAEXH@Z 0042c59e f   mfc90d:mfc90d.dll
 0002:000195a4       ?GetFirstViewPosition@CDocument@@UBEPAU__POSITION@@XZ 0042c5a4 f   mfc90d:mfc90d.dll
 0002:000195aa       ?GetNextView@CDocument@@UBEPAVCView@@AAPAU__POSITION@@@Z 0042c5aa f   mfc90d:mfc90d.dll
 0002:000195b0       ?OnChangedViewList@CDocument@@UAEXXZ 0042c5b0 f   mfc90d:mfc90d.dll
 0002:000195b6       ?DeleteContents@CDocument@@UAEXXZ 0042c5b6 f   mfc90d:mfc90d.dll
 0002:000195bc       ?OnSaveDocument@CDocument@@UAEHPBD@Z 0042c5bc f   mfc90d:mfc90d.dll
 0002:000195c2       ?OnCloseDocument@CDocument@@UAEXXZ 0042c5c2 f   mfc90d:mfc90d.dll
 0002:000195c8       ?ReportSaveLoadException@CDocument@@UAEXPBDPAVCException@@HI@Z 0042c5c8 f   mfc90d:mfc90d.dll
 0002:000195ce       ?GetFile@CDocument@@UAEPAVCFile@@PBDIPAVCFileException@@@Z 0042c5ce f   mfc90d:mfc90d.dll
 0002:000195d4       ?ReleaseFile@CDocument@@UAEXPAVCFile@@H@Z 0042c5d4 f   mfc90d:mfc90d.dll
 0002:000195da       ?CanCloseFrame@CDocument@@UAEHPAVCFrameWnd@@@Z 0042c5da f   mfc90d:mfc90d.dll
 0002:000195e0       ?SaveModified@CDocument@@UAEHXZ 0042c5e0 f   mfc90d:mfc90d.dll
 0002:000195e6       ?PreCloseFrame@CDocument@@UAEXPAVCFrameWnd@@@Z 0042c5e6 f   mfc90d:mfc90d.dll
 0002:000195ec       ?DoSave@CDocument@@UAEHPBDH@Z 0042c5ec f   mfc90d:mfc90d.dll
 0002:000195f2       ?DoFileSave@CDocument@@UAEHXZ 0042c5f2 f   mfc90d:mfc90d.dll
 0002:000195f8       ?UpdateFrameCounts@CDocument@@UAEXXZ 0042c5f8 f   mfc90d:mfc90d.dll
 0002:000195fe       ?GetDefaultMenu@CDocument@@UAEPAUHMENU__@@XZ 0042c5fe f   mfc90d:mfc90d.dll
 0002:00019604       ?GetDefaultAccelerator@CDocument@@UAEPAUHACCEL__@@XZ 0042c604 f   mfc90d:mfc90d.dll
 0002:0001960a       ?OnIdle@CDocument@@UAEXXZ  0042c60a f   mfc90d:mfc90d.dll
 0002:00019610       ??1CDocument@@UAE@XZ       0042c610 f   mfc90d:mfc90d.dll
 0002:00019616       ?OnNewDocument@CDocument@@UAEHXZ 0042c616 f   mfc90d:mfc90d.dll
 0002:0001961c       ?AssertValid@CDocument@@UBEXXZ 0042c61c f   mfc90d:mfc90d.dll
 0002:00019622       ?Dump@CDocument@@UBEXAAVCDumpContext@@@Z 0042c622 f   mfc90d:mfc90d.dll
 0002:00019628       ?GetThisMessageMap@CEditView@@KGPBUAFX_MSGMAP@@XZ 0042c628 f   mfc90d:mfc90d.dll
 0002:0001962e       ?OnFilePrint@CView@@IAEXXZ 0042c62e f   mfc90d:mfc90d.dll
 0002:00019634       ?GetThisClass@CEditView@@SGPAUCRuntimeClass@@XZ 0042c634 f   mfc90d:mfc90d.dll
 0002:0001963a       ??0CEditView@@QAE@XZ       0042c63a f   mfc90d:mfc90d.dll
 0002:00019640       ?Serialize@CEditView@@UAEXAAVCArchive@@@Z 0042c640 f   mfc90d:mfc90d.dll
 0002:00019646       ?OnCmdMsg@CView@@UAEHIHPAXPAUAFX_CMDHANDLERINFO@@@Z 0042c646 f   mfc90d:mfc90d.dll
 0002:0001964c       ?CalcWindowRect@CEditView@@MAEXPAUtagRECT@@I@Z 0042c64c f   mfc90d:mfc90d.dll
 0002:00019652       ?GetScrollBarCtrl@CView@@UBEPAVCScrollBar@@H@Z 0042c652 f   mfc90d:mfc90d.dll
 0002:00019658       ?PreTranslateMessage@CWnd@@UAEHPAUtagMSG@@@Z 0042c658 f   mfc90d:mfc90d.dll
 0002:0001965e       ?PostNcDestroy@CView@@MAEXXZ 0042c65e f   mfc90d:mfc90d.dll
 0002:00019664       ?CheckAutoCenter@CWnd@@UAEHXZ 0042c664 f   mfc90d:mfc90d.dll
 0002:0001966a       ?SetOccDialogInfo@CWnd@@MAEHPAU_AFX_OCC_DIALOG_INFO@@@Z 0042c66a f   mfc90d:mfc90d.dll
 0002:00019670       ?GetOccDialogInfo@CWnd@@MAEPAU_AFX_OCC_DIALOG_INFO@@XZ 0042c670 f   mfc90d:mfc90d.dll
 0002:00019676       ?IsSelected@CView@@UBEHPBVCObject@@@Z 0042c676 f   mfc90d:mfc90d.dll
 0002:0001967c       ?OnScroll@CView@@UAEHIIH@Z 0042c67c f   mfc90d:mfc90d.dll
 0002:00019682       ?OnScrollBy@CView@@UAEHVCSize@@H@Z 0042c682 f   mfc90d:mfc90d.dll
 0002:00019688       ?OnDragEnter@CView@@UAEKPAVCOleDataObject@@KVCPoint@@@Z 0042c688 f   mfc90d:mfc90d.dll
 0002:0001968e       ?OnDragOver@CView@@UAEKPAVCOleDataObject@@KVCPoint@@@Z 0042c68e f   mfc90d:mfc90d.dll
 0002:00019694       ?OnDragLeave@CView@@UAEXXZ 0042c694 f   mfc90d:mfc90d.dll
 0002:0001969a       ?OnDrop@CView@@UAEHPAVCOleDataObject@@KVCPoint@@@Z 0042c69a f   mfc90d:mfc90d.dll
 0002:000196a0       ?OnDropEx@CView@@UAEKPAVCOleDataObject@@KKVCPoint@@@Z 0042c6a0 f   mfc90d:mfc90d.dll
 0002:000196a6       ?OnDragScroll@CView@@UAEKKVCPoint@@@Z 0042c6a6 f   mfc90d:mfc90d.dll
 0002:000196ac       ?OnPrepareDC@CEditView@@UAEXPAVCDC@@PAUCPrintInfo@@@Z 0042c6ac f   mfc90d:mfc90d.dll
 0002:000196b2       ?OnInitialUpdate@CView@@UAEXXZ 0042c6b2 f   mfc90d:mfc90d.dll
 0002:000196b8       ?OnActivateView@CView@@MAEXHPAV1@0@Z 0042c6b8 f   mfc90d:mfc90d.dll
 0002:000196be       ?OnActivateFrame@CView@@MAEXIPAVCFrameWnd@@@Z 0042c6be f   mfc90d:mfc90d.dll
 0002:000196c4       ?OnUpdate@CView@@MAEXPAV1@JPAVCObject@@@Z 0042c6c4 f   mfc90d:mfc90d.dll
 0002:000196ca       ?OnDraw@CCtrlView@@MAEXPAVCDC@@@Z 0042c6ca f   mfc90d:mfc90d.dll
 0002:000196d0       ?OnPrint@CEditView@@MAEXPAVCDC@@PAUCPrintInfo@@@Z 0042c6d0 f   mfc90d:mfc90d.dll
 0002:000196d6       ?OnEndPrintPreview@CView@@MAEXPAVCDC@@PAUCPrintInfo@@UtagPOINT@@PAVCPreviewView@@@Z 0042c6d6 f   mfc90d:mfc90d.dll
 0002:000196dc       ?OnFindNext@CEditView@@MAEXPBDHH@Z 0042c6dc f   mfc90d:mfc90d.dll
 0002:000196e2       ?OnReplaceSel@CEditView@@MAEXPBDHH0@Z 0042c6e2 f   mfc90d:mfc90d.dll
 0002:000196e8       ?OnReplaceAll@CEditView@@MAEXPBD0H@Z 0042c6e8 f   mfc90d:mfc90d.dll
 0002:000196ee       ?OnTextNotFound@CEditView@@MAEXPBD@Z 0042c6ee f   mfc90d:mfc90d.dll
 0002:000196f4       ?DeleteContents@CEditView@@UAEXXZ 0042c6f4 f   mfc90d:mfc90d.dll
 0002:000196fa       ??1CEditView@@UAE@XZ       0042c6fa f   mfc90d:mfc90d.dll
 0002:00019700       ?PreCreateWindow@CEditView@@MAEHAAUtagCREATESTRUCTA@@@Z 0042c700 f   mfc90d:mfc90d.dll
 0002:00019706       ?AFXPrintPreview@@YAXPAVCView@@@Z 0042c706 f   mfc90d:mfc90d.dll
 0002:0001970c       ?OnPreparePrinting@CEditView@@MAEHPAUCPrintInfo@@@Z 0042c70c f   mfc90d:mfc90d.dll
 0002:00019712       ?OnBeginPrinting@CEditView@@MAEXPAVCDC@@PAUCPrintInfo@@@Z 0042c712 f   mfc90d:mfc90d.dll
 0002:00019718       ?OnEndPrinting@CEditView@@MAEXPAVCDC@@PAUCPrintInfo@@@Z 0042c718 f   mfc90d:mfc90d.dll
 0002:0001971e       ?ClientToScreen@CWnd@@QBEXPAUtagPOINT@@@Z 0042c71e f   mfc90d:mfc90d.dll
 0002:00019724       ?AssertValid@CEditView@@UBEXXZ 0042c724 f   mfc90d:mfc90d.dll
 0002:0001972a       ?Dump@CEditView@@UBEXAAVCDumpContext@@@Z 0042c72a f   mfc90d:mfc90d.dll
 0002:00019730       ?IsKindOf@CObject@@QBEHPBUCRuntimeClass@@@Z 0042c730 f   mfc90d:mfc90d.dll
 0002:00019736       ?GetThisMessageMap@CDockablePane@@KGPBUAFX_MSGMAP@@XZ 0042c736 f   mfc90d:mfc90d.dll
 0002:0001973c       ??2CObject@@SGPAXI@Z       0042c73c f   mfc90d:mfc90d.dll
 0002:00019742       ??0CMFCToolBarMenuButton@@QAE@IPAUHMENU__@@HPBDH@Z 0042c742 f   mfc90d:mfc90d.dll
 0002:00019748       ?Serialize@CMFCToolBarMenuButton@@UAEXAAVCArchive@@@Z 0042c748 f   mfc90d:mfc90d.dll
 0002:0001974e       ?AssertValid@CMFCToolBarMenuButton@@UBEXXZ 0042c74e f   mfc90d:mfc90d.dll
 0002:00019754       ?Dump@CMFCToolBarMenuButton@@UBEXAAVCDumpContext@@@Z 0042c754 f   mfc90d:mfc90d.dll
 0002:0001975a       ?PrepareDrag@CMFCToolBarButton@@UAEHAAVCOleDataSource@@@Z 0042c75a f   mfc90d:mfc90d.dll
 0002:00019760       ?CopyFrom@CMFCToolBarMenuButton@@UAEXABVCMFCToolBarButton@@@Z 0042c760 f   mfc90d:mfc90d.dll
 0002:00019766       ?OnCalculateSize@CMFCToolBarMenuButton@@UAE?AUtagSIZE@@PAVCDC@@ABVCSize@@H@Z 0042c766 f   mfc90d:mfc90d.dll
 0002:0001976c       ?OnClick@CMFCToolBarMenuButton@@UAEHPAVCWnd@@H@Z 0042c76c f   mfc90d:mfc90d.dll
 0002:00019772       ?OnChangeParentWnd@CMFCToolBarMenuButton@@UAEXPAVCWnd@@@Z 0042c772 f   mfc90d:mfc90d.dll
 0002:00019778       ?ExportToMenuButton@CMFCToolBarButton@@UBEHAAVCMFCToolBarMenuButton@@@Z 0042c778 f   mfc90d:mfc90d.dll
 0002:0001977e       ?OnCancelMode@CMFCToolBarMenuButton@@UAEXXZ 0042c77e f   mfc90d:mfc90d.dll
 0002:00019784       ?OnDrawOnCustomizeList@CMFCToolBarMenuButton@@UAEHPAVCDC@@ABVCRect@@H@Z 0042c784 f   mfc90d:mfc90d.dll
 0002:0001978a       ?OnBeforeDrag@CMFCToolBarMenuButton@@UBEHXZ 0042c78a f   mfc90d:mfc90d.dll
 0002:00019790       ?OnToolHitTest@CMFCToolBarButton@@UAEHPBVCWnd@@PAUtagTOOLINFOA@@@Z 0042c790 f   mfc90d:mfc90d.dll
 0002:00019796       ?SaveBarState@CMFCToolBarMenuButton@@UAEXXZ 0042c796 f   mfc90d:mfc90d.dll
 0002:0001979c       ?ResetImageToDefault@CMFCToolBarMenuButton@@UAEXXZ 0042c79c f   mfc90d:mfc90d.dll
 0002:000197a2       ?CompareWith@CMFCToolBarMenuButton@@UBEHABVCMFCToolBarButton@@@Z 0042c7a2 f   mfc90d:mfc90d.dll
 0002:000197a8       ?IsFirstInGroup@CMFCToolBarButton@@UBEHXZ 0042c7a8 f   mfc90d:mfc90d.dll
 0002:000197ae       ?IsLastInGroup@CMFCToolBarButton@@UBEHXZ 0042c7ae f   mfc90d:mfc90d.dll
 0002:000197b4       ?SetACCData@CMFCToolBarMenuButton@@UAEHPAVCWnd@@AAVCAccessibilityData@@@Z 0042c7b4 f   mfc90d:mfc90d.dll
 0002:000197ba       ?SetImage@CMFCToolBarButton@@UAEXH@Z 0042c7ba f   mfc90d:mfc90d.dll
 0002:000197c0       ?SetRadio@CMFCToolBarMenuButton@@UAEXXZ 0042c7c0 f   mfc90d:mfc90d.dll
 0002:000197c6       ?OpenPopupMenu@CMFCToolBarMenuButton@@UAEHPAVCWnd@@@Z 0042c7c6 f   mfc90d:mfc90d.dll
 0002:000197cc       ?CreateFromMenu@CMFCToolBarMenuButton@@UAEXPAUHMENU__@@@Z 0042c7cc f   mfc90d:mfc90d.dll
 0002:000197d2       ?CreateMenu@CMFCToolBarMenuButton@@UBEPAUHMENU__@@XZ 0042c7d2 f   mfc90d:mfc90d.dll
 0002:000197d8       ?SetTearOff@CMFCToolBarMenuButton@@UAEXI@Z 0042c7d8 f   mfc90d:mfc90d.dll
 0002:000197de       ?EndDrawImage@CMFCToolBarImages@@QAEXAAUtagAFXDrawState@@@Z 0042c7de f   mfc90d:mfc90d.dll
 0002:000197e4       ?OnDraw@CMFCToolBarMenuButton@@UAEXPAVCDC@@ABVCRect@@PAVCMFCToolBarImages@@HHHHH@Z 0042c7e4 f   mfc90d:mfc90d.dll
 0002:000197ea       ?PrepareDrawImage@CMFCToolBarImages@@QAEHAAUtagAFXDrawState@@VCSize@@H@Z 0042c7ea f   mfc90d:mfc90d.dll
 0002:000197f0       ??1CMFCToolBarMenuButton@@UAE@XZ 0042c7f0 f   mfc90d:mfc90d.dll
 0002:000197f6       ?GetThisClass@CMFCToolBarMenuButton@@SGPAUCRuntimeClass@@XZ 0042c7f6 f   mfc90d:mfc90d.dll
 0002:000197fc       ?ReadObject@CArchive@@QAEPAVCObject@@PBUCRuntimeClass@@@Z 0042c7fc f   mfc90d:mfc90d.dll
 0002:00019802       ??1CDockablePane@@UAE@XZ   0042c802 f   mfc90d:mfc90d.dll
 0002:00019808       ??0CImageList@@QAE@XZ      0042c808 f   mfc90d:mfc90d.dll
 0002:0001980e       ??0CDockablePane@@QAE@XZ   0042c80e f   mfc90d:mfc90d.dll
 0002:00019814       ?GetRuntimeClass@CDockablePane@@UBEPAUCRuntimeClass@@XZ 0042c814 f   mfc90d:mfc90d.dll
 0002:0001981a       ?Serialize@CDockablePane@@UAEXAAVCArchive@@@Z 0042c81a f   mfc90d:mfc90d.dll
 0002:00019820       ?AssertValid@CWnd@@UBEXXZ  0042c820 f   mfc90d:mfc90d.dll
 0002:00019826       ?Dump@CWnd@@UBEXAAVCDumpContext@@@Z 0042c826 f   mfc90d:mfc90d.dll
 0002:0001982c       ?get_accParent@CBasePane@@UAEJPAPAUIDispatch@@@Z 0042c82c f   mfc90d:mfc90d.dll
 0002:00019832       ?get_accChildCount@CBasePane@@UAEJPAJ@Z 0042c832 f   mfc90d:mfc90d.dll
 0002:00019838       ?get_accChild@CBasePane@@UAEJUtagVARIANT@@PAPAUIDispatch@@@Z 0042c838 f   mfc90d:mfc90d.dll
 0002:0001983e       ?get_accName@CBasePane@@UAEJUtagVARIANT@@PAPA_W@Z 0042c83e f   mfc90d:mfc90d.dll
 0002:00019844       ?get_accValue@CBasePane@@UAEJUtagVARIANT@@PAPA_W@Z 0042c844 f   mfc90d:mfc90d.dll
 0002:0001984a       ?get_accDescription@CBasePane@@UAEJUtagVARIANT@@PAPA_W@Z 0042c84a f   mfc90d:mfc90d.dll
 0002:00019850       ?get_accRole@CBasePane@@UAEJUtagVARIANT@@PAU2@@Z 0042c850 f   mfc90d:mfc90d.dll
 0002:00019856       ?get_accState@CBasePane@@UAEJUtagVARIANT@@PAU2@@Z 0042c856 f   mfc90d:mfc90d.dll
 0002:0001985c       ?get_accHelp@CBasePane@@UAEJUtagVARIANT@@PAPA_W@Z 0042c85c f   mfc90d:mfc90d.dll
 0002:00019862       ?get_accHelpTopic@CBasePane@@UAEJPAPA_WUtagVARIANT@@PAJ@Z 0042c862 f   mfc90d:mfc90d.dll
 0002:00019868       ?get_accKeyboardShortcut@CBasePane@@UAEJUtagVARIANT@@PAPA_W@Z 0042c868 f   mfc90d:mfc90d.dll
 0002:0001986e       ?get_accFocus@CBasePane@@UAEJPAUtagVARIANT@@@Z 0042c86e f   mfc90d:mfc90d.dll
[...]
 0005:00002078       __imp_?GetTopLevelFrame@CWnd@@QBEPAVCFrameWnd@@XZ 0044d078     mfc90d:mfc90d.dll
 0005:0000207c       __imp_?ResetContent@CListBox@@QAEXXZ 0044d07c     mfc90d:mfc90d.dll
 0005:00002080       __imp_?AfxGetApp@@YGPAVCWinApp@@XZ 0044d080     mfc90d:mfc90d.dll
 0005:00002084       __imp_??1CComboBox@@UAE@XZ 0044d084     mfc90d:mfc90d.dll
 0005:00002088       __imp_??0CMFCPropertyGridCtrl@@QAE@XZ 0044d088     mfc90d:mfc90d.dll
 0005:0000208c       __imp_??0CComboBox@@QAE@XZ 0044d08c     mfc90d:mfc90d.dll
 0005:00002090       __imp_??1CMFCPropertyGridCtrl@@UAE@XZ 0044d090     mfc90d:mfc90d.dll
 0005:00002094       __imp_?SetCurSel@CComboBox@@QAEHH@Z 0044d094     mfc90d:mfc90d.dll
 0005:00002098       __imp_?FromHandle@CFont@@SGPAV1@PAUHFONT__@@@Z 0044d098     mfc90d:mfc90d.dll
 0005:0000209c       __imp_?AddString@CComboBox@@QAEHPBD@Z 0044d09c     mfc90d:mfc90d.dll
 0005:000020a0       __imp_?ExpandAll@CMFCPropertyGridCtrl@@QAEXH@Z 0044d0a0     mfc90d:mfc90d.dll
 0005:000020a4       __imp_?SetAlphabeticMode@CMFCPropertyGridCtrl@@QAEXH@Z 0044d0a4     mfc90d:mfc90d.dll
 0005:000020a8       __imp_?Expand@CMFCPropertyGridProperty@@QAEXH@Z 0044d0a8     mfc90d:mfc90d.dll
 0005:000020ac       __imp_??0CMFCPropertyGridFileProperty@@QAE@ABV?$CStringT@DV?$StrTraitMFC_DLL@DV?$ChTraitsCRT@D@ATL@@@@@ATL@@0KPBD@Z 0044d0ac     mfc90d:mfc90d.dll
 0005:000020b0       __imp_??0CMFCPropertyGridFileProperty@@QAE@ABV?$CStringT@DV?$StrTraitMFC_DLL@DV?$ChTraitsCRT@D@ATL@@@@@ATL@@H0PBDK11K@Z 0044d0b0     mfc90d:mfc90d.dll
 0005:000020b4       __imp_?EnableAutomaticButton@CMFCPropertyGridColorProperty@@QAEXPBDKH@Z 0044d0b4     mfc90d:mfc90d.dll
 0005:000020b8       __imp_?EnableOtherButton@CMFCPropertyGridColorProperty@@QAEXPBDHH@Z 0044d0b8     mfc90d:mfc90d.dll
 0005:000020bc       __imp_??0CMFCPropertyGridColorProperty@@QAE@ABV?$CStringT@DV?$StrTraitMFC_DLL@DV?$ChTraitsCRT@D@ATL@@@@@ATL@@ABKPAVCPalette@@PBDK@Z 0044d0bc     mfc90d:mfc90d.dll
 0005:000020c0       __imp_?Enable@CMFCPropertyGridProperty@@QAEXH@Z 0044d0c0     mfc90d:mfc90d.dll
 0005:000020c4       __imp_??0CMFCPropertyGridFontProperty@@QAE@ABV?$CStringT@DV?$StrTraitMFC_DLL@DV?$ChTraitsCRT@D@ATL@@@@@ATL@@AAUtagLOGFONTA@@KPBDKK@Z 0044d0c4     mfc90d:mfc90d.dll
 0005:000020c8       __imp_?GetLogFont@CFont@@QAEHPAUtagLOGFONTA@@@Z 0044d0c8     mfc90d:mfc90d.dll
 0005:000020cc       __imp_?EnableSpinControl@CMFCPropertyGridProperty@@QAEXHHH@Z 0044d0cc     mfc90d:mfc90d.dll
 0005:000020d0       __imp_?AddProperty@CMFCPropertyGridCtrl@@QAEHPAVCMFCPropertyGridProperty@@HH@Z 0044d0d0     mfc90d:mfc90d.dll
 0005:000020d4       __imp_?AddOption@CMFCPropertyGridProperty@@QAEHPBDH@Z 0044d0d4     mfc90d:mfc90d.dll
 0005:000020d8       __imp_??0COleVariant@@QAE@PBD@Z 0044d0d8     mfc90d:mfc90d.dll
 0005:000020dc       __imp_??1COleVariant@@QAE@XZ 0044d0dc     mfc90d:mfc90d.dll
 0005:000020e0       __imp_?AddSubItem@CMFCPropertyGridProperty@@QAEHPAV1@@Z 0044d0e0     mfc90d:mfc90d.dll
 0005:000020e4       __imp_??0CMFCPropertyGridProperty@@QAE@ABV?$CStringT@DV?$StrTraitMFC_DLL@DV?$ChTraitsCRT@D@ATL@@@@@ATL@@ABVCOleVariant@@PBDK222@Z 0044d0e4     mfc90d:mfc90d.dll
 0005:000020e8       __imp_??0COleVariant@@QAE@ABUtagVARIANT@@@Z 0044d0e8     mfc90d:mfc90d.dll
 0005:000020ec       __imp_??0CMFCPropertyGridProperty@@QAE@ABV?$CStringT@DV?$StrTraitMFC_DLL@DV?$ChTraitsCRT@D@ATL@@@@@ATL@@KH@Z 0044d0ec     mfc90d:mfc90d.dll
 0005:000020f0       __imp_?MarkModifiedProperties@CMFCPropertyGridCtrl@@QAEXHH@Z 0044d0f0     mfc90d:mfc90d.dll
 0005:000020f4       __imp_?SetVSDotNetLook@CMFCPropertyGridCtrl@@QAEXH@Z 0044d0f4     mfc90d:mfc90d.dll
 0005:000020f8       __imp_?EnableDescriptionArea@CMFCPropertyGridCtrl@@QAEXH@Z 0044d0f8     mfc90d:mfc90d.dll
 0005:000020fc       __imp_?EnableHeaderCtrl@CMFCPropertyGridCtrl@@QAEXHPBD0@Z 0044d0fc     mfc90d:mfc90d.dll
 0005:00002100       __imp_?OnSettingChange@CDockablePane@@IAEXIPBD@Z 0044d100     mfc90d:mfc90d.dll
 0005:00002104       __imp_?CreateFontIndirectA@CFont@@QAEHPBUtagLOGFONTA@@@Z 0044d104     mfc90d:mfc90d.dll
 0005:00002108       __imp_?GetNonClientMetrics@AFX_GLOBAL_DATA@@QAEHAAUtagNONCLIENTMETRICSA@@@Z 0044d108     mfc90d:mfc90d.dll
 0005:0000210c       __imp_?Detach@CGdiObject@@QAEPAXXZ 0044d10c     mfc90d:mfc90d.dll
 0005:00002110       __imp_?GetThisMessageMap@CTreeCtrl@@KGPBUAFX_MSGMAP@@XZ 0044d110     mfc90d:mfc90d.dll
 0005:00002114       __imp_??0CTreeCtrl@@QAE@XZ 0044d114     mfc90d:mfc90d.dll
 0005:00002118       __imp_?GetRuntimeClass@CTreeCtrl@@UBEPAUCRuntimeClass@@XZ 0044d118     mfc90d:mfc90d.dll
 0005:0000211c       __imp_??1CTreeCtrl@@UAE@XZ 0044d11c     mfc90d:mfc90d.dll
 0005:00002120       __imp_?GetToolTips@CTreeCtrl@@QBEPAVCToolTipCtrl@@XZ 0044d120     mfc90d:mfc90d.dll
 0005:00002124       __imp_?wndTop@CWnd@@2V1@B  0044d124     mfc90d:mfc90d.dll
 0005:00002128       __imp_?get_accFocus@CWnd@@UAEJPAUtagVARIANT@@@Z 0044d128     mfc90d:mfc90d.dll
 0005:0000212c       __imp_?get_accKeyboardShortcut@CWnd@@UAEJUtagVARIANT@@PAPA_W@Z 0044d12c     mfc90d:mfc90d.dll
 0005:00002130       __imp_?get_accHelpTopic@CWnd@@UAEJPAPA_WUtagVARIANT@@PAJ@Z 0044d130     mfc90d:mfc90d.dll
 0005:00002134       __imp_?get_accHelp@CWnd@@UAEJUtagVARIANT@@PAPA_W@Z 0044d134     mfc90d:mfc90d.dll
 0005:00002138       __imp_?get_accState@CWnd@@UAEJUtagVARIANT@@PAU2@@Z 0044d138     mfc90d:mfc90d.dll
 0005:0000213c       __imp_?get_accRole@CWnd@@UAEJUtagVARIANT@@PAU2@@Z 0044d13c     mfc90d:mfc90d.dll
 0005:00002140       __imp_?get_accDescription@CWnd@@UAEJUtagVARIANT@@PAPA_W@Z 0044d140     mfc90d:mfc90d.dll
 0005:00002144       __imp_?get_accValue@CWnd@@UAEJUtagVARIANT@@PAPA_W@Z 0044d144     mfc90d:mfc90d.dll
 0005:00002148       __imp_?get_accName@CWnd@@UAEJUtagVARIANT@@PAPA_W@Z 0044d148     mfc90d:mfc90d.dll
 0005:0000214c       __imp_?get_accChild@CWnd@@UAEJUtagVARIANT@@PAPAUIDispatch@@@Z 0044d14c     mfc90d:mfc90d.dll
 0005:00002150       __imp_?get_accChildCount@CWnd@@UAEJPAJ@Z 0044d150     mfc90d:mfc90d.dll
 0005:00002154       __imp_?get_accParent@CWnd@@UAEJPAPAUIDispatch@@@Z 0044d154     mfc90d:mfc90d.dll
 0005:00002158       __imp_?EnsureStdObj@CWnd@@UAEJXZ 0044d158     mfc90d:mfc90d.dll
 0005:0000215c       __imp_?EndModalLoop@CWnd@@UAEXH@Z 0044d15c     mfc90d:mfc90d.dll
 0005:00002160       __imp_?ContinueModal@CWnd@@UAEHXZ 0044d160     mfc90d:mfc90d.dll
 0005:00002164       __imp_?WinHelpInternal@CWnd@@UAEXKI@Z 0044d164     mfc90d:mfc90d.dll
 0005:00002168       __imp_?HtmlHelpA@CWnd@@UAEXKI@Z 0044d168     mfc90d:mfc90d.dll
 0005:0000216c       __imp_?WinHelpA@CWnd@@UAEXKI@Z 0044d16c     mfc90d:mfc90d.dll
 0005:00002170       __imp_?GetScrollBarCtrl@CWnd@@UBEPAVCScrollBar@@H@Z 0044d170     mfc90d:mfc90d.dll
 0005:00002174       __imp_?OnToolHitTest@CWnd@@UBEHVCPoint@@PAUtagTOOLINFOA@@@Z 0044d174     mfc90d:mfc90d.dll
 0005:00002178       __imp_?SetMenu@CWnd@@UAEHPAVCMenu@@@Z 0044d178     mfc90d:mfc90d.dll
 0005:0000217c       __imp_?GetMenu@CWnd@@UBEPAVCMenu@@XZ 0044d17c     mfc90d:mfc90d.dll
 0005:00002180       __imp_?CalcWindowRect@CWnd@@UAEXPAUtagRECT@@I@Z 0044d180     mfc90d:mfc90d.dll
 0005:00002184       __imp_?PreCreateWindow@CWnd@@UAEHAAUtagCREATESTRUCTA@@@Z 0044d184     mfc90d:mfc90d.dll
 0005:00002188       __imp_?DestroyWindow@CWnd@@UAEHXZ 0044d188     mfc90d:mfc90d.dll
 0005:0000218c       __imp_?CreateEx@CWnd@@UAEHKPBD0KHHHHPAUHWND__@@PAUHMENU__@@PAX@Z 0044d18c     mfc90d:mfc90d.dll
 0005:00002190       __imp_?CreateEx@CWnd@@UAEHKPBD0KABUtagRECT@@PAV1@IPAX@Z 0044d190     mfc90d:mfc90d.dll
 0005:00002194       __imp_?Create@CWnd@@UAEHPBD0KABUtagRECT@@PAV1@IPAUCCreateContext@@@Z 0044d194     mfc90d:mfc90d.dll
 0005:00002198       __imp_?PreSubclassWindow@CWnd@@UAEXXZ 0044d198     mfc90d:mfc90d.dll
 0005:0000219c       __imp_?GetInterfaceMap@CWnd@@MBEPBUAFX_INTERFACEMAP@@XZ 0044d19c     mfc90d:mfc90d.dll
 0005:000021a0       __imp_?OnFinalRelease@CWnd@@UAEXXZ 0044d1a0     mfc90d:mfc90d.dll
 0005:000021a4       __imp_?OnCmdMsg@CDialog@@UAEHIHPAXPAUAFX_CMDHANDLERINFO@@@Z 0044d1a4     mfc90d:mfc90d.dll
 0005:000021a8       __imp_?Dump@CDialog@@UBEXAAVCDumpContext@@@Z 0044d1a8     mfc90d:mfc90d.dll
 0005:000021ac       __imp_?AssertValid@CDialog@@UBEXXZ 0044d1ac     mfc90d:mfc90d.dll
 0005:000021b0       __imp_?GetRuntimeClass@CDialog@@UBEPAUCRuntimeClass@@XZ 0044d1b0     mfc90d:mfc90d.dll
 0005:000021b4       __imp_??0CDialog@@QAE@IPAVCWnd@@@Z 0044d1b4     mfc90d:mfc90d.dll
 0005:000021b8       __imp_?InitInstance@CWinApp@@UAEHXZ 0044d1b8     mfc90d:mfc90d.dll
 0005:000021bc       __imp_?AfxOleInit@@YGHXZ   0044d1bc     mfc90d:mfc90d.dll
 0005:000021c0       __imp_?AfxMessageBox@@YGHIII@Z 0044d1c0     mfc90d:mfc90d.dll
 0005:000021c4       __imp_?AfxEnableControlContainer@@YAXPAVCOccManager@@@Z 0044d1c4     mfc90d:mfc90d.dll
 0005:000021c8       __imp_?SetRegistryKey@CWinApp@@IAEXPBD@Z 0044d1c8     mfc90d:mfc90d.dll
 0005:000021cc       __imp_?LoadStdProfileSettings@CWinApp@@IAEXI@Z 0044d1cc     mfc90d:mfc90d.dll
 0005:000021d0       __imp_?InitContextMenuManager@CWinAppEx@@QAEHXZ 0044d1d0     mfc90d:mfc90d.dll
 0005:000021d4       __imp_?InitKeyboardManager@CWinAppEx@@QAEHXZ 0044d1d4     mfc90d:mfc90d.dll
 0005:000021d8       __imp_?InitTooltipManager@CWinAppEx@@QAEHXZ 0044d1d8     mfc90d:mfc90d.dll
 0005:000021dc       __imp_?GetThisClass@CMFCToolTipCtrl@@SGPAUCRuntimeClass@@XZ 0044d1dc     mfc90d:mfc90d.dll
 0005:000021e0       __imp_?GetTooltipManager@CWinAppEx@@QAEPAVCTooltipManager@@XZ 0044d1e0     mfc90d:mfc90d.dll
 0005:000021e4       __imp_?SetTooltipParams@CTooltipManager@@QAEXIPAUCRuntimeClass@@PAVCMFCToolTipInfo@@@Z 0044d1e4     mfc90d:mfc90d.dll
 0005:000021e8       __imp_??2CObject@@SGPAXIPBDH@Z 0044d1e8     mfc90d:mfc90d.dll
 0005:000021ec       __imp_??0CSingleDocTemplate@@QAE@IPAUCRuntimeClass@@00@Z 0044d1ec     mfc90d:mfc90d.dll
 0005:000021f0       __imp_?AddDocTemplate@CWinApp@@QAEXPAVCDocTemplate@@@Z 0044d1f0     mfc90d:mfc90d.dll
 0005:000021f4       __imp_??0CCommandLineInfo@@QAE@XZ 0044d1f4     mfc90d:mfc90d.dll
 0005:000021f8       __imp_?ParseCommandLine@CWinApp@@QAEXAAVCCommandLineInfo@@@Z 0044d1f8     mfc90d:mfc90d.dll
 0005:000021fc       __imp_?ProcessShellCommand@CWinApp@@QAEHAAVCCommandLineInfo@@@Z 0044d1fc     mfc90d:mfc90d.dll
 0005:00002200       __imp_??1CCommandLineInfo@@UAE@XZ 0044d200     mfc90d:mfc90d.dll
 0005:00002204       __imp_?ShowWindow@CWnd@@QAEHH@Z 0044d204     mfc90d:mfc90d.dll
 0005:00002208       __imp_?UpdateWindow@CWnd@@QAEXXZ 0044d208     mfc90d:mfc90d.dll
 0005:0000220c       __imp_??3CObject@@SGXPAXPBDH@Z 0044d20c     mfc90d:mfc90d.dll
 0005:00002210       __imp_??3CObject@@SGXPAX@Z 0044d210     mfc90d:mfc90d.dll
 0005:00002214       __imp_?ReloadWindowPlacement@CWinAppEx@@MAEHPAVCFrameWnd@@@Z 0044d214     mfc90d:mfc90d.dll
 0005:00002218       __imp_?StoreWindowPlacement@CWinAppEx@@MAEHABVCRect@@HH@Z 0044d218     mfc90d:mfc90d.dll
 0005:0000221c       __imp_?LoadWindowPlacement@CWinAppEx@@MAEHAAVCRect@@AAH1@Z 0044d21c     mfc90d:mfc90d.dll
 0005:00002220       __imp_?OnClosingMainFrame@CWinAppEx@@MAEXPAVCFrameImpl@@@Z 0044d220     mfc90d:mfc90d.dll
 0005:00002224       __imp_?OnAppContextHelp@CWinAppEx@@UAEXPAVCWnd@@QBK@Z 0044d224     mfc90d:mfc90d.dll
 0005:00002228       __imp_?ShowPopupMenu@CWinAppEx@@UAEHIABVCPoint@@PAVCWnd@@@Z 0044d228     mfc90d:mfc90d.dll
 0005:0000222c       __imp_?OnViewDoubleClick@CWinAppEx@@UAEHPAVCWnd@@H@Z 0044d22c     mfc90d:mfc90d.dll
 0005:00002230       __imp_?SaveState@CWinAppEx@@UAEHPBDPAVCFrameImpl@@@Z 0044d230     mfc90d:mfc90d.dll
 0005:00002234       __imp_?CleanState@CWinAppEx@@UAEHPBD@Z 0044d234     mfc90d:mfc90d.dll
 0005:00002238       __imp_?LoadState@CWinAppEx@@UAEHPBDPAVCFrameImpl@@@Z 0044d238     mfc90d:mfc90d.dll
 0005:0000223c       __imp_?PostNcDestroy@CWnd@@MAEXXZ 0044d23c     mfc90d:mfc90d.dll
 0005:00002240       __imp_?DefWindowProcA@CWnd@@MAEJIIJ@Z 0044d240     mfc90d:mfc90d.dll
 0005:00002244       __imp_?OnWndMsg@CWnd@@MAEHIIJPAJ@Z 0044d244     mfc90d:mfc90d.dll
 0005:00002248       __imp_?WindowProc@CWnd@@MAEJIIJ@Z 0044d248     mfc90d:mfc90d.dll
 0005:0000224c       __imp_?OnAmbientProperty@CWnd@@UAEHPAVCOleControlSite@@JPAUtagVARIANT@@@Z 0044d24c     mfc90d:mfc90d.dll
 0005:00002250       __imp_?PreTranslateMessage@CDialog@@UAEHPAUtagMSG@@@Z 0044d250     mfc90d:mfc90d.dll
 0005:00002254       __imp_?EndModalState@CWnd@@UAEXXZ 0044d254     mfc90d:mfc90d.dll
 0005:00002258       __imp_?BeginModalState@CWnd@@UAEXXZ 0044d258     mfc90d:mfc90d.dll
 0005:0000225c       __imp_?LoadSysPolicies@CWinApp@@UAEHXZ 0044d25c     mfc90d:mfc90d.dll
 0005:00002260       __imp_?LoadAppLangResourceDLL@CWinApp@@UAEPAUHINSTANCE__@@XZ 0044d260     mfc90d:mfc90d.dll
 0005:00002264       __imp_?WinHelpInternal@CWinApp@@UAEXKI@Z 0044d264     mfc90d:mfc90d.dll
 0005:00002268       __imp_?GetSuperWndProcAddr@CWnd@@MAEPAP6GJPAUHWND__@@IIJ@ZXZ 0044d268     mfc90d:mfc90d.dll
 0005:0000226c       __imp_?OnNotify@CWnd@@MAEHIJPAJ@Z 0044d26c     mfc90d:mfc90d.dll
 0005:00002270       __imp_?OnCommand@CWnd@@MAEHIJ@Z 0044d270     mfc90d:mfc90d.dll
 0005:00002274       __imp_?HtmlHelpA@CWinApp@@UAEXKI@Z 0044d274     mfc90d:mfc90d.dll
 0005:00002278       __imp_?WinHelpA@CWinApp@@UAEXKI@Z 0044d278     mfc90d:mfc90d.dll
 0005:0000227c       __imp_?OnDDECommand@CWinApp@@UAEHPAD@Z 0044d27c     mfc90d:mfc90d.dll
 0005:00002280       __imp_?DoWaitCursor@CWinApp@@UAEXH@Z 0044d280     mfc90d:mfc90d.dll
 0005:00002284       __imp_?DoMessageBox@CWinApp@@UAEHPBDII@Z 0044d284     mfc90d:mfc90d.dll
 0005:00002288       __imp_??2@YAPAXI@Z         0044d288     mfc90d:mfc90d.dll
 0005:0000228c       __imp_?SaveAllModified@CWinApp@@UAEHXZ 0044d28c     mfc90d:mfc90d.dll
 0005:00002290       __imp_?InitApplication@CWinApp@@UAEHXZ 0044d290     mfc90d:mfc90d.dll
 0005:00002294       __imp_?AddToRecentFileList@CWinApp@@UAEXPBD@Z 0044d294     mfc90d:mfc90d.dll
 0005:00002298       __imp_?OpenDocumentFile@CWinApp@@UAEPAVCDocument@@PBD@Z 0044d298     mfc90d:mfc90d.dll
 0005:0000229c       __imp_?Unregister@CWinApp@@UAEHXZ 0044d29c     mfc90d:mfc90d.dll
 0005:000022a0       __imp_?Register@CWinApp@@UAEHXZ 0044d2a0     mfc90d:mfc90d.dll
 0005:000022a4       __imp_?InitLibId@CWinApp@@UAEXXZ 0044d2a4     mfc90d:mfc90d.dll
 0005:000022a8       __imp_?Delete@CWinThread@@UAEXXZ 0044d2a8     mfc90d:mfc90d.dll
 0005:000022ac       __imp_?GetMainWnd@CWinThread@@UAEPAVCWnd@@XZ 0044d2ac     mfc90d:mfc90d.dll
 0005:000022b0       __imp_?ProcessMessageFilter@CWinThread@@UAEHHPAUtagMSG@@@Z 0044d2b0     mfc90d:mfc90d.dll
 0005:000022b4       __imp_?ProcessWndProcException@CWinApp@@UAEJPAVCException@@PBUtagMSG@@@Z 0044d2b4     mfc90d:mfc90d.dll
 0005:000022b8       __imp_?ExitInstance@CWinAppEx@@UAEHXZ 0044d2b8     mfc90d:mfc90d.dll
 0005:000022bc       __imp_?IsIdleMessage@CWinThread@@UAEHPAUtagMSG@@@Z 0044d2bc     mfc90d:mfc90d.dll
 0005:000022c0       __imp_?OnIdle@CWinApp@@UAEHJ@Z 0044d2c0     mfc90d:mfc90d.dll
 0005:000022c4       __imp_?PumpMessage@CWinThread@@UAEHXZ 0044d2c4     mfc90d:mfc90d.dll
 0005:000022c8       __imp_?PreTranslateMessage@CWinThread@@UAEHPAUtagMSG@@@Z 0044d2c8     mfc90d:mfc90d.dll
 0005:000022cc       __imp_?Run@CWinApp@@UAEHXZ 0044d2cc     mfc90d:mfc90d.dll
 0005:000022d0       __imp_?GetConnectionHook@CCmdTarget@@MAEPAUIConnectionPoint@@ABU_GUID@@@Z 0044d2d0     mfc90d:mfc90d.dll
 0005:000022d4       __imp_?GetExtraConnectionPoints@CCmdTarget@@MAEHPAVCPtrArray@@@Z 0044d2d4     mfc90d:mfc90d.dll
 0005:000022d8       __imp_?GetInterfaceHook@CCmdTarget@@UAEPAUIUnknown@@PBX@Z 0044d2d8     mfc90d:mfc90d.dll
 0005:000022dc       __imp_?OnCreateAggregates@CCmdTarget@@UAEHXZ 0044d2dc     mfc90d:mfc90d.dll
 0005:000022e0       __imp_?GetEventSinkMap@CCmdTarget@@MBEPBUAFX_EVENTSINKMAP@@XZ 0044d2e0     mfc90d:mfc90d.dll
 0005:000022e4       __imp_?GetInterfaceMap@CCmdTarget@@MBEPBUAFX_INTERFACEMAP@@XZ 0044d2e4     mfc90d:mfc90d.dll
 0005:000022e8       __imp_?GetConnectionMap@CCmdTarget@@MBEPBUAFX_CONNECTIONMAP@@XZ 0044d2e8     mfc90d:mfc90d.dll
 0005:000022ec       __imp_?GetDispatchMap@CCmdTarget@@MBEPBUAFX_DISPMAP@@XZ 0044d2ec     mfc90d:mfc90d.dll
 0005:000022f0       __imp_?GetCommandMap@CCmdTarget@@MBEPBUAFX_OLECMDMAP@@XZ 0044d2f0     mfc90d:mfc90d.dll
 0005:000022f4       __imp_?GetTypeLib@CCmdTarget@@UAEJKPAPAUITypeLib@@@Z 0044d2f4     mfc90d:mfc90d.dll
 0005:000022f8       __imp_?GetTypeLibCache@CCmdTarget@@UAEPAVCTypeLibCache@@XZ 0044d2f8     mfc90d:mfc90d.dll
 0005:000022fc       __imp_?GetTypeInfoCount@CCmdTarget@@UAEIXZ 0044d2fc     mfc90d:mfc90d.dll
 0005:00002300       __imp_?GetDispatchIID@CCmdTarget@@UAEHPAU_GUID@@@Z 0044d300     mfc90d:mfc90d.dll
 0005:00002304       __imp_?IsInvokeAllowed@CCmdTarget@@UAEHJ@Z 0044d304     mfc90d:mfc90d.dll
 0005:00002308       __imp_?OnFinalRelease@CCmdTarget@@UAEXXZ 0044d308     mfc90d:mfc90d.dll
 0005:0000230c       __imp_?OnCmdMsg@CCmdTarget@@UAEHIHPAXPAUAFX_CMDHANDLERINFO@@@Z 0044d30c     mfc90d:mfc90d.dll
 0005:00002310       __imp_?Dump@CWinApp@@UBEXAAVCDumpContext@@@Z 0044d310     mfc90d:mfc90d.dll
 0005:00002314       __imp_?AssertValid@CWinApp@@UBEXXZ 0044d314     mfc90d:mfc90d.dll
 0005:00002318       __imp_?Serialize@CObject@@UAEXAAVCArchive@@@Z 0044d318     mfc90d:mfc90d.dll
 0005:0000231c       __imp_?GetRuntimeClass@CWinAppEx@@UBEPAUCRuntimeClass@@XZ 0044d31c     mfc90d:mfc90d.dll
 0005:00002320       __imp_??0CWinAppEx@@QAE@H@Z 0044d320     mfc90d:mfc90d.dll
 0005:00002324       __imp_?CreateAccessibleProxy@CWnd@@UAEJIJPAJ@Z 0044d324     mfc90d:mfc90d.dll
 0005:00002328       __imp_?SetProxy@CWnd@@UAEJPAUIAccessibleProxy@@@Z 0044d328     mfc90d:mfc90d.dll
 0005:0000232c       __imp_?put_accValue@CWnd@@UAEJUtagVARIANT@@PA_W@Z 0044d32c     mfc90d:mfc90d.dll
 0005:00002330       __imp_?put_accName@CWnd@@UAEJUtagVARIANT@@PA_W@Z 0044d330     mfc90d:mfc90d.dll
 0005:00002334       __imp_?accDoDefaultAction@CWnd@@UAEJUtagVARIANT@@@Z 0044d334     mfc90d:mfc90d.dll
 0005:00002338       __imp_?accHitTest@CWnd@@UAEJJJPAUtagVARIANT@@@Z 0044d338     mfc90d:mfc90d.dll
 0005:0000233c       __imp_?accNavigate@CWnd@@UAEJJUtagVARIANT@@PAU2@@Z 0044d33c     mfc90d:mfc90d.dll
 0005:00002340       __imp_?accLocation@CWnd@@UAEJPAJ000UtagVARIANT@@@Z 0044d340     mfc90d:mfc90d.dll
 0005:00002344       __imp_?accSelect@CWnd@@UAEJJUtagVARIANT@@@Z 0044d344     mfc90d:mfc90d.dll
 0005:00002348       __imp_?OnDragEnter@CMFCToolBar@@MAEKPAVCOleDataObject@@KVCPoint@@@Z 0044d348     mfc90d:mfc90d.dll
 0005:0000234c       __imp_?get_accDefaultAction@CWnd@@UAEJUtagVARIANT@@PAPA_W@Z 0044d34c     mfc90d:mfc90d.dll
 0005:00002350       __imp_??0?$CStringT@DV?$StrTraitMFC_DLL@DV?$ChTraitsCRT@D@ATL@@@@@ATL@@QAE@XZ 0044d350     mfc90d:mfc90d.dll
 0005:00002354       __imp_??1CWinAppEx@@UAE@XZ 0044d354     mfc90d:mfc90d.dll
 0005:00002358       __imp_??1?$CStringT@DV?$StrTraitMFC_DLL@DV?$ChTraitsCRT@D@ATL@@@@@ATL@@QAE@XZ 0044d358     mfc90d:mfc90d.dll
 0005:0000235c       __imp_?OnFileNew@CWinApp@@IAEXXZ 0044d35c     mfc90d:mfc90d.dll
 0005:00002360       __imp_?OnFileOpen@CWinApp@@IAEXXZ 0044d360     mfc90d:mfc90d.dll
 0005:00002364       __imp_?OnFilePrintSetup@CWinApp@@IAEXXZ 0044d364     mfc90d:mfc90d.dll
 0005:00002368       __imp_?GetThisMessageMap@CWinApp@@KGPBUAFX_MSGMAP@@XZ 0044d368     mfc90d:mfc90d.dll
 0005:0000236c       __imp_?GetThisMessageMap@CDialog@@KGPBUAFX_MSGMAP@@XZ 0044d36c     mfc90d:mfc90d.dll
 0005:00002370       __imp_?StretchPane@CMFCToolBar@@UAE?AVCSize@@HH@Z 0044d370     mfc90d:mfc90d.dll
 0005:00002374       __imp_??3@YAXPAX@Z         0044d374     mfc90d:mfc90d.dll
 0005:00002378       __imp_?AfxWinMain@@YGHPAUHINSTANCE__@@0PADH@Z 0044d378     mfc90d:mfc90d.dll
 0005:0000237c       __imp_?AfxGetModuleState@@YGPAVAFX_MODULE_STATE@@XZ 0044d37c     mfc90d:mfc90d.dll
 0005:00002380       __imp_?OnOpenDocument@CDocument@@UAEHPBD@Z 0044d380     mfc90d:mfc90d.dll
 0005:00002384       \177mfc90d_NULL_THUNK_DATA 0044d384     mfc90d:mfc90d.dll

 entry point at        0002:0000175c

